Jun  3 06:25:03 dreampi liblogging-stdlog:  [origin software="rsyslogd" swVersion="8.24.0" x-pid="373" x-info="http://www.rsyslog.com"] rsyslogd was HUPed
Jun  3 19:38:46 dreampi kernel: [80837.281700] smsc95xx 1-1.1:1.0 eth0: link down
Jun  3 19:44:15 dreampi wpa_action: WPA_IFACE=wlan0 WPA_ACTION=DISCONNECTED
Jun  3 19:44:15 dreampi wpa_action: WPA_ID=1 WPA_ID_STR= WPA_CTRL_DIR=/var/run/wpa_supplicant
Jun  3 19:44:15 dreampi wpa_action: ifdown wlan0
Jun  3 19:44:27 dreampi wpa_action: removing sendsigs omission pidfile: /run/sendsigs.omit.d/wpasupplicant.wpa_supplicant.wlan0.pid
Jun  3 19:44:27 dreampi kernel: [81178.176945] IPv6: ADDRCONF(NETDEV_UP): wlan0: link is not ready
Jun  3 19:44:27 dreampi kernel: [81178.177001] brcmfmac: power management disabled
Jun  3 19:47:19 dreampi kernel: [81350.096335] IPv6: ADDRCONF(NETDEV_CHANGE): wlan0: link becomes ready
Jun  3 19:47:19 dreampi wpa_action: WPA_IFACE=wlan0 WPA_ACTION=CONNECTED
Jun  3 19:47:19 dreampi wpa_action: WPA_ID=1 WPA_ID_STR= WPA_CTRL_DIR=/var/run/wpa_supplicant
Jun  3 19:47:19 dreampi wpa_action: ifup wlan0=default
Jun  3 19:47:34 dreampi wpa_action: creating sendsigs omission pidfile: /run/sendsigs.omit.d/wpasupplicant.wpa_supplicant.wlan0.pid
Jun  3 19:47:34 dreampi wpa_action: bssid=b8:f8:53:f0:0c:2a
Jun  3 19:47:34 dreampi wpa_action: freq=2462
Jun  3 19:47:34 dreampi wpa_action: ssid=Fios-ZdX9C
Jun  3 19:47:34 dreampi wpa_action: id=1
Jun  3 19:47:34 dreampi wpa_action: mode=station
Jun  3 19:47:34 dreampi wpa_action: pairwise_cipher=CCMP
Jun  3 19:47:34 dreampi wpa_action: group_cipher=CCMP
Jun  3 19:47:34 dreampi wpa_action: key_mgmt=WPA2-PSK
Jun  3 19:47:34 dreampi wpa_action: wpa_state=COMPLETED
Jun  3 19:47:34 dreampi wpa_action: ip_address=192.168.1.17
Jun  3 19:47:34 dreampi wpa_action: p2p_device_address=ee:be:98:ac:48:e3
Jun  3 19:47:34 dreampi wpa_action: address=b8:27:eb:21:8c:3a
Jun  3 19:47:34 dreampi wpa_action: uuid=25b2be0d-d07b-5cb3-840d-ef44ecc89e4b
Jun  3 19:24:33 dreampi mtp-probe: checking bus 1, device 3: "/sys/devices/platform/soc/3f980000.usb/usb1/1-1/1-1.1"
Jun  3 19:24:33 dreampi mtp-probe: checking bus 1, device 4: "/sys/devices/platform/soc/3f980000.usb/usb1/1-1/1-1.2"
Jun  3 19:24:33 dreampi mtp-probe: bus: 1, device: 4 was not an MTP device
Jun  3 19:24:33 dreampi mtp-probe: bus: 1, device: 3 was not an MTP device
Jun  3 19:24:33 dreampi kernel: [    0.000000] Booting Linux on physical CPU 0x0
Jun  3 19:24:33 dreampi kernel: [    0.000000] Linux version 4.14.31-v7+ (dc4@dc4-XPS13-9333) (gcc version 4.9.3 (crosstool-NG crosstool-ng-1.22.0-88-g8460611)) #1104 SMP Thu Mar 29 16:52:18 BST 2018
Jun  3 19:24:33 dreampi kernel: [    0.000000] CPU: ARMv7 Processor [410fd034] revision 4 (ARMv7), cr=10c5383d
Jun  3 19:24:33 dreampi kernel: [    0.000000] CPU: div instructions available: patching division code
Jun  3 19:24:33 dreampi kernel: [    0.000000] CPU: PIPT / VIPT nonaliasing data cache, VIPT aliasing instruction cache
Jun  3 19:24:33 dreampi kernel: [    0.000000] OF: fdt: Machine model: Raspberry Pi 3 Model B Rev 1.2
Jun  3 19:24:33 dreampi kernel: [    0.000000] Memory policy: Data cache writealloc
Jun  3 19:24:33 dreampi kernel: [    0.000000] cma: Reserved 8 MiB at 0x3ac00000
Jun  3 19:24:33 dreampi kernel: [    0.000000] random: fast init done
Jun  3 19:24:33 dreampi kernel: [    0.000000] percpu: Embedded 17 pages/cpu @ba34a000 s38720 r8192 d22720 u69632
Jun  3 19:24:33 dreampi kernel: [    0.000000] Built 1 zonelists, mobility grouping on.  Total pages: 240555
Jun  3 19:24:33 dreampi kernel: [    0.000000] Kernel command line: 8250.nr_uarts=0 bcm2708_fb.fbwidth=640 bcm2708_fb.fbheight=480 bcm2708_fb.fbswap=1 vc_mem.mem_base=0x3ec00000 vc_mem.mem_size=0x40000000  dwc_otg.lpm_enable=0 console=ttyS0,115200 console=tty1 root=PARTUUID=62af6ec8-02 rootfstype=ext4 elevator=deadline fsck.repair=yes rootwait
Jun  3 19:24:33 dreampi kernel: [    0.000000] PID hash table entries: 4096 (order: 2, 16384 bytes)
Jun  3 19:24:33 dreampi kernel: [    0.000000] Dentry cache hash table entries: 131072 (order: 7, 524288 bytes)
Jun  3 19:24:33 dreampi kernel: [    0.000000] Inode-cache hash table entries: 65536 (order: 6, 262144 bytes)
Jun  3 19:24:33 dreampi kernel: [    0.000000] Memory: 940236K/970752K available (7168K kernel code, 575K rwdata, 2072K rodata, 1024K init, 706K bss, 22324K reserved, 8192K cma-reserved)
Jun  3 19:24:33 dreampi kernel: [    0.000000] Virtual kernel memory layout:
Jun  3 19:24:33 dreampi kernel: [    0.000000]     vector  : 0xffff0000 - 0xffff1000   (   4 kB)
Jun  3 19:24:33 dreampi kernel: [    0.000000]     fixmap  : 0xffc00000 - 0xfff00000   (3072 kB)
Jun  3 19:24:33 dreampi kernel: [    0.000000]     vmalloc : 0xbb800000 - 0xff800000   (1088 MB)
Jun  3 19:24:33 dreampi kernel: [    0.000000]     lowmem  : 0x80000000 - 0xbb400000   ( 948 MB)
Jun  3 19:24:33 dreampi kernel: [    0.000000]     modules : 0x7f000000 - 0x80000000   (  16 MB)
Jun  3 19:24:33 dreampi kernel: [    0.000000]       .text : 0x80008000 - 0x80800000   (8160 kB)
Jun  3 19:24:33 dreampi kernel: [    0.000000]       .init : 0x80b00000 - 0x80c00000   (1024 kB)
Jun  3 19:24:33 dreampi kernel: [    0.000000]       .data : 0x80c00000 - 0x80c8fd4c   ( 576 kB)
Jun  3 19:24:33 dreampi kernel: [    0.000000]        .bss : 0x80c96f58 - 0x80d478b4   ( 707 kB)
Jun  3 19:24:33 dreampi kernel: [    0.000000] SLUB: HWalign=64, Order=0-3, MinObjects=0, CPUs=4, Nodes=1
Jun  3 19:24:33 dreampi kernel: [    0.000000] ftrace: allocating 25228 entries in 74 pages
Jun  3 19:24:33 dreampi kernel: [    0.000000] Hierarchical RCU implementation.
Jun  3 19:24:33 dreampi kernel: [    0.000000] NR_IRQS: 16, nr_irqs: 16, preallocated irqs: 16
Jun  3 19:24:33 dreampi kernel: [    0.000000] arch_timer: cp15 timer(s) running at 19.20MHz (phys).
Jun  3 19:24:33 dreampi kernel: [    0.000000] clocksource: arch_sys_counter: mask: 0xffffffffffffff max_cycles: 0x46d987e47, max_idle_ns: 440795202767 ns
Jun  3 19:24:33 dreampi kernel: [    0.000007] sched_clock: 56 bits at 19MHz, resolution 52ns, wraps every 4398046511078ns
Jun  3 19:24:33 dreampi kernel: [    0.000023] Switching to timer-based delay loop, resolution 52ns
Jun  3 19:24:33 dreampi kernel: [    0.000271] Console: colour dummy device 80x30
Jun  3 19:24:33 dreampi kernel: [    0.000815] console [tty1] enabled
Jun  3 19:24:33 dreampi kernel: [    0.000852] Calibrating delay loop (skipped), value calculated using timer frequency.. 38.40 BogoMIPS (lpj=192000)
Jun  3 19:24:33 dreampi kernel: [    0.000892] pid_max: default: 32768 minimum: 301
Jun  3 19:24:33 dreampi kernel: [    0.001220] Mount-cache hash table entries: 2048 (order: 1, 8192 bytes)
Jun  3 19:24:33 dreampi kernel: [    0.001253] Mountpoint-cache hash table entries: 2048 (order: 1, 8192 bytes)
Jun  3 19:24:33 dreampi kernel: [    0.002198] Disabling memory control group subsystem
Jun  3 19:24:33 dreampi kernel: [    0.002296] CPU: Testing write buffer coherency: ok
Jun  3 19:24:33 dreampi kernel: [    0.002705] CPU0: thread -1, cpu 0, socket 0, mpidr 80000000
Jun  3 19:24:33 dreampi kernel: [    0.003102] Setting up static identity map for 0x100000 - 0x10003c
Jun  3 19:24:33 dreampi kernel: [    0.003235] Hierarchical SRCU implementation.
Jun  3 19:24:33 dreampi kernel: [    0.003886] smp: Bringing up secondary CPUs ...
Jun  3 19:24:33 dreampi kernel: [    0.004645] CPU1: thread -1, cpu 1, socket 0, mpidr 80000001
Jun  3 19:24:33 dreampi kernel: [    0.005446] CPU2: thread -1, cpu 2, socket 0, mpidr 80000002
Jun  3 19:24:33 dreampi kernel: [    0.006230] CPU3: thread -1, cpu 3, socket 0, mpidr 80000003
Jun  3 19:24:33 dreampi kernel: [    0.006336] smp: Brought up 1 node, 4 CPUs
Jun  3 19:24:33 dreampi kernel: [    0.006407] SMP: Total of 4 processors activated (153.60 BogoMIPS).
Jun  3 19:24:33 dreampi kernel: [    0.006428] CPU: All CPU(s) started in HYP mode.
Jun  3 19:24:33 dreampi kernel: [    0.006446] CPU: Virtualization extensions available.
Jun  3 19:24:33 dreampi kernel: [    0.007318] devtmpfs: initialized
Jun  3 19:24:33 dreampi kernel: [    0.017637] VFP support v0.3: implementor 41 architecture 3 part 40 variant 3 rev 4
Jun  3 19:24:33 dreampi kernel: [    0.017889] clocksource: jiffies: mask: 0xffffffff max_cycles: 0xffffffff, max_idle_ns: 19112604462750000 ns
Jun  3 19:24:33 dreampi kernel: [    0.017933] futex hash table entries: 1024 (order: 4, 65536 bytes)
Jun  3 19:24:33 dreampi kernel: [    0.018507] pinctrl core: initialized pinctrl subsystem
Jun  3 19:24:33 dreampi kernel: [    0.019274] NET: Registered protocol family 16
Jun  3 19:24:33 dreampi kernel: [    0.021876] DMA: preallocated 1024 KiB pool for atomic coherent allocations
Jun  3 19:24:33 dreampi kernel: [    0.026638] hw-breakpoint: found 5 (+1 reserved) breakpoint and 4 watchpoint registers.
Jun  3 19:24:33 dreampi kernel: [    0.026671] hw-breakpoint: maximum watchpoint size is 8 bytes.
Jun  3 19:24:33 dreampi kernel: [    0.026887] Serial: AMBA PL011 UART driver
Jun  3 19:24:33 dreampi kernel: [    0.028515] bcm2835-mbox 3f00b880.mailbox: mailbox enabled
Jun  3 19:24:33 dreampi kernel: [    0.028987] uart-pl011 3f201000.serial: could not find pctldev for node /soc/gpio@7e200000/uart0_pins, deferring probe
Jun  3 19:24:33 dreampi kernel: [    0.060145] bcm2835-dma 3f007000.dma: DMA legacy API manager at bb813000, dmachans=0x1
Jun  3 19:24:33 dreampi kernel: [    0.061594] SCSI subsystem initialized
Jun  3 19:24:33 dreampi kernel: [    0.061834] usbcore: registered new interface driver usbfs
Jun  3 19:24:33 dreampi kernel: [    0.061902] usbcore: registered new interface driver hub
Jun  3 19:24:33 dreampi kernel: [    0.062001] usbcore: registered new device driver usb
Jun  3 19:24:33 dreampi kernel: [    0.070081] raspberrypi-firmware soc:firmware: Attached to firmware from 2018-03-23 16:31
Jun  3 19:24:33 dreampi kernel: [    0.071399] clocksource: Switched to clocksource arch_sys_counter
Jun  3 19:24:33 dreampi kernel: [    0.148659] VFS: Disk quotas dquot_6.6.0
Jun  3 19:24:33 dreampi kernel: [    0.148770] VFS: Dquot-cache hash table entries: 1024 (order 0, 4096 bytes)
Jun  3 19:24:33 dreampi kernel: [    0.148974] FS-Cache: Loaded
Jun  3 19:24:33 dreampi kernel: [    0.149183] CacheFiles: Loaded
Jun  3 19:24:33 dreampi kernel: [    0.158092] NET: Registered protocol family 2
Jun  3 19:24:33 dreampi kernel: [    0.158831] TCP established hash table entries: 8192 (order: 3, 32768 bytes)
Jun  3 19:24:33 dreampi kernel: [    0.158961] TCP bind hash table entries: 8192 (order: 4, 65536 bytes)
Jun  3 19:24:33 dreampi kernel: [    0.159163] TCP: Hash tables configured (established 8192 bind 8192)
Jun  3 19:24:33 dreampi kernel: [    0.159310] UDP hash table entries: 512 (order: 2, 16384 bytes)
Jun  3 19:24:33 dreampi kernel: [    0.159372] UDP-Lite hash table entries: 512 (order: 2, 16384 bytes)
Jun  3 19:24:33 dreampi kernel: [    0.159617] NET: Registered protocol family 1
Jun  3 19:24:33 dreampi kernel: [    0.160076] RPC: Registered named UNIX socket transport module.
Jun  3 19:24:33 dreampi kernel: [    0.160100] RPC: Registered udp transport module.
Jun  3 19:24:33 dreampi kernel: [    0.160119] RPC: Registered tcp transport module.
Jun  3 19:24:33 dreampi kernel: [    0.160138] RPC: Registered tcp NFSv4.1 backchannel transport module.
Jun  3 19:24:33 dreampi kernel: [    0.161618] hw perfevents: enabled with armv7_cortex_a7 PMU driver, 7 counters available
Jun  3 19:24:33 dreampi kernel: [    0.164344] workingset: timestamp_bits=14 max_order=18 bucket_order=4
Jun  3 19:24:33 dreampi kernel: [    0.172296] FS-Cache: Netfs 'nfs' registered for caching
Jun  3 19:24:33 dreampi kernel: [    0.172905] NFS: Registering the id_resolver key type
Jun  3 19:24:33 dreampi kernel: [    0.172948] Key type id_resolver registered
Jun  3 19:24:33 dreampi kernel: [    0.172967] Key type id_legacy registered
Jun  3 19:24:33 dreampi kernel: [    0.172996] nfs4filelayout_init: NFSv4 File Layout Driver Registering...
Jun  3 19:24:33 dreampi kernel: [    0.174883] Block layer SCSI generic (bsg) driver version 0.4 loaded (major 251)
Jun  3 19:24:33 dreampi kernel: [    0.175031] io scheduler noop registered
Jun  3 19:24:33 dreampi kernel: [    0.175052] io scheduler deadline registered (default)
Jun  3 19:24:33 dreampi kernel: [    0.175345] io scheduler cfq registered
Jun  3 19:24:33 dreampi kernel: [    0.175367] io scheduler mq-deadline registered
Jun  3 19:24:33 dreampi kernel: [    0.175387] io scheduler kyber registered
Jun  3 19:24:33 dreampi kernel: [    0.178069] BCM2708FB: allocated DMA memory fad10000
Jun  3 19:24:33 dreampi kernel: [    0.178114] BCM2708FB: allocated DMA channel 0 @ bb813000
Jun  3 19:24:33 dreampi kernel: [    0.187538] Console: switching to colour frame buffer device 80x30
Jun  3 19:24:33 dreampi kernel: [    0.196756] bcm2835-rng 3f104000.rng: hwrng registered
Jun  3 19:24:33 dreampi kernel: [    0.199490] vc-mem: phys_addr:0x00000000 mem_base=0x3ec00000 mem_size:0x40000000(1024 MiB)
Jun  3 19:24:33 dreampi kernel: [    0.205236] vc-sm: Videocore shared memory driver
Jun  3 19:24:33 dreampi liblogging-stdlog:  [origin software="rsyslogd" swVersion="8.24.0" x-pid="334" x-info="http://www.rsyslog.com"] start
Jun  3 19:24:33 dreampi kernel: [    0.208205] gpiomem-bcm2835 3f200000.gpiomem: Initialised: Registers at 0x3f200000
Jun  3 19:24:33 dreampi kernel: [    0.223481] brd: module loaded
Jun  3 19:24:33 dreampi kernel: [    0.234947] loop: module loaded
Jun  3 19:24:33 dreampi kernel: [    0.237687] Loading iSCSI transport class v2.0-870.
Jun  3 19:24:33 dreampi kernel: [    0.240988] libphy: Fixed MDIO Bus: probed
Jun  3 19:24:33 dreampi kernel: [    0.243741] usbcore: registered new interface driver lan78xx
Jun  3 19:24:33 dreampi kernel: [    0.246471] usbcore: registered new interface driver smsc95xx
Jun  3 19:24:33 dreampi kernel: [    0.249098] dwc_otg: version 3.00a 10-AUG-2012 (platform bus)
Jun  3 19:24:33 dreampi kernel: [    0.479896] Core Release: 2.80a
Jun  3 19:24:33 dreampi kernel: [    0.482535] Setting default values for core params
Jun  3 19:24:33 dreampi kernel: [    0.485149] Finished setting default values for core params
Jun  3 19:24:33 dreampi kernel: [    0.687942] Using Buffer DMA mode
Jun  3 19:24:33 dreampi kernel: [    0.690469] Periodic Transfer Interrupt Enhancement - disabled
Jun  3 19:24:33 dreampi kernel: [    0.693117] Multiprocessor Interrupt Enhancement - disabled
Jun  3 19:24:33 dreampi kernel: [    0.695791] OTG VER PARAM: 0, OTG VER FLAG: 0
Jun  3 19:24:33 dreampi kernel: [    0.698489] Dedicated Tx FIFOs mode
Jun  3 19:24:33 dreampi kernel: [    0.701598] WARN::dwc_otg_hcd_init:1046: FIQ DMA bounce buffers: virt = 0xbad04000 dma = 0xfad04000 len=9024
Jun  3 19:24:33 dreampi kernel: [    0.707291] FIQ FSM acceleration enabled for :
Jun  3 19:24:33 dreampi kernel: [    0.707291] Non-periodic Split Transactions
Jun  3 19:24:33 dreampi kernel: [    0.707291] Periodic Split Transactions
Jun  3 19:24:33 dreampi kernel: [    0.707291] High-Speed Isochronous Endpoints
Jun  3 19:24:33 dreampi kernel: [    0.707291] Interrupt/Control Split Transaction hack enabled
Jun  3 19:24:33 dreampi kernel: [    0.720968] WARN::hcd_init_fiq:459: FIQ on core 1 at 0x805e6690
Jun  3 19:24:33 dreampi kernel: [    0.723620] WARN::hcd_init_fiq:460: FIQ ASM at 0x805e69f8 length 36
Jun  3 19:24:33 dreampi kernel: [    0.726188] WARN::hcd_init_fiq:486: MPHI regs_base at 0xbb87e000
Jun  3 19:24:33 dreampi kernel: [    0.728821] dwc_otg 3f980000.usb: DWC OTG Controller
Jun  3 19:24:33 dreampi kernel: [    0.731480] dwc_otg 3f980000.usb: new USB bus registered, assigned bus number 1
Jun  3 19:24:33 dreampi kernel: [    0.736723] dwc_otg 3f980000.usb: irq 62, io mem 0x00000000
Jun  3 19:24:33 dreampi kernel: [    0.739473] Init: Port Power? op_state=1
Jun  3 19:24:33 dreampi kernel: [    0.742236] Init: Power Port (0)
Jun  3 19:24:33 dreampi kernel: [    0.745109] usb usb1: New USB device found, idVendor=1d6b, idProduct=0002
Jun  3 19:24:33 dreampi kernel: [    0.747903] usb usb1: New USB device strings: Mfr=3, Product=2, SerialNumber=1
Jun  3 19:24:33 dreampi kernel: [    0.753371] usb usb1: Product: DWC OTG Controller
Jun  3 19:24:33 dreampi kernel: [    0.756150] usb usb1: Manufacturer: Linux 4.14.31-v7+ dwc_otg_hcd
Jun  3 19:24:33 dreampi kernel: [    0.758946] usb usb1: SerialNumber: 3f980000.usb
Jun  3 19:24:33 dreampi kernel: [    0.762276] hub 1-0:1.0: USB hub found
Jun  3 19:24:33 dreampi kernel: [    0.765007] hub 1-0:1.0: 1 port detected
Jun  3 19:24:33 dreampi kernel: [    0.768397] usbcore: registered new interface driver usb-storage
Jun  3 19:24:33 dreampi kernel: [    0.771241] mousedev: PS/2 mouse device common for all mice
Jun  3 19:24:33 dreampi kernel: [    0.773974] IR NEC protocol handler initialized
Jun  3 19:24:33 dreampi kernel: [    0.776585] IR RC5(x/sz) protocol handler initialized
Jun  3 19:24:33 dreampi kernel: [    0.779224] IR RC6 protocol handler initialized
Jun  3 19:24:33 dreampi kernel: [    0.781891] IR JVC protocol handler initialized
Jun  3 19:24:33 dreampi kernel: [    0.784492] IR Sony protocol handler initialized
Jun  3 19:24:33 dreampi kernel: [    0.787071] IR SANYO protocol handler initialized
Jun  3 19:24:33 dreampi kernel: [    0.789617] IR Sharp protocol handler initialized
Jun  3 19:24:33 dreampi kernel: [    0.792125] IR MCE Keyboard/mouse protocol handler initialized
Jun  3 19:24:33 dreampi kernel: [    0.794677] IR XMP protocol handler initialized
Jun  3 19:24:33 dreampi kernel: [    0.797837] bcm2835-wdt 3f100000.watchdog: Broadcom BCM2835 watchdog timer
Jun  3 19:24:33 dreampi kernel: [    0.800690] bcm2835-cpufreq: min=600000 max=1200000
Jun  3 19:24:33 dreampi kernel: [    0.803574] sdhci: Secure Digital Host Controller Interface driver
Jun  3 19:24:33 dreampi kernel: [    0.806133] sdhci: Copyright(c) Pierre Ossman
Jun  3 19:24:33 dreampi kernel: [    0.808990] mmc-bcm2835 3f300000.mmc: could not get clk, deferring probe
Jun  3 19:24:33 dreampi kernel: [    0.811977] sdhost-bcm2835 3f202000.mmc: could not get clk, deferring probe
Jun  3 19:24:33 dreampi kernel: [    0.814724] sdhci-pltfm: SDHCI platform and OF driver helper
Jun  3 19:24:33 dreampi kernel: [    0.818805] ledtrig-cpu: registered to indicate activity on CPUs
Jun  3 19:24:33 dreampi kernel: [    0.821638] hidraw: raw HID events driver (C) Jiri Kosina
Jun  3 19:24:33 dreampi kernel: [    0.824443] usbcore: registered new interface driver usbhid
Jun  3 19:24:33 dreampi kernel: [    0.827098] usbhid: USB HID core driver
Jun  3 19:24:33 dreampi kernel: [    0.830284] vchiq: vchiq_init_state: slot_zero = bad80000, is_master = 0
Jun  3 19:24:33 dreampi kernel: [    0.834377] [vc_sm_connected_init]: start
Jun  3 19:24:33 dreampi kernel: [    0.843976] [vc_sm_connected_init]: end - returning 0
Jun  3 19:24:33 dreampi kernel: [    0.847264] Initializing XFRM netlink socket
Jun  3 19:24:33 dreampi kernel: [    0.849956] NET: Registered protocol family 17
Jun  3 19:24:33 dreampi kernel: [    0.852726] Key type dns_resolver registered
Jun  3 19:24:33 dreampi kernel: [    0.855769] Registering SWP/SWPB emulation handler
Jun  3 19:24:33 dreampi kernel: [    0.858968] registered taskstats version 1
Jun  3 19:24:33 dreampi kernel: [    0.867376] uart-pl011 3f201000.serial: cts_event_workaround enabled
Jun  3 19:24:33 dreampi kernel: [    0.870261] 3f201000.serial: ttyAMA0 at MMIO 0x3f201000 (irq = 87, base_baud = 0) is a PL011 rev2
Jun  3 19:24:33 dreampi kernel: [    0.877785] mmc-bcm2835 3f300000.mmc: mmc_debug:0 mmc_debug2:0
Jun  3 19:24:33 dreampi kernel: [    0.880808] mmc-bcm2835 3f300000.mmc: DMA channel allocated
Jun  3 19:24:33 dreampi kernel: [    0.942019] sdhost: log_buf @ bad07000 (fad07000)
Jun  3 19:24:33 dreampi kernel: [    0.981159] mmc1: queuing unknown CIS tuple 0x80 (2 bytes)
Jun  3 19:24:33 dreampi kernel: [    0.985656] mmc1: queuing unknown CIS tuple 0x80 (3 bytes)
Jun  3 19:24:33 dreampi kernel: [    0.990019] mmc1: queuing unknown CIS tuple 0x80 (3 bytes)
Jun  3 19:24:33 dreampi kernel: [    0.992893] Indeed it is in host mode hprt0 = 00021501
Jun  3 19:24:33 dreampi kernel: [    1.058137] mmc1: queuing unknown CIS tuple 0x80 (7 bytes)
Jun  3 19:24:33 dreampi kernel: [    1.081423] mmc0: sdhost-bcm2835 loaded - DMA enabled (>1)
Jun  3 19:24:33 dreampi kernel: [    1.085089] of_cfs_init
Jun  3 19:24:33 dreampi kernel: [    1.087715] of_cfs_init: OK
Jun  3 19:24:33 dreampi kernel: [    1.090649] Waiting for root device PARTUUID=62af6ec8-02...
Jun  3 19:24:33 dreampi kernel: [    1.179773] mmc1: new high speed SDIO card at address 0001
Jun  3 19:24:33 dreampi kernel: [    1.201433] usb 1-1: new high-speed USB device number 2 using dwc_otg
Jun  3 19:24:33 dreampi kernel: [    1.204119] Indeed it is in host mode hprt0 = 00001101
Jun  3 19:24:33 dreampi kernel: [    1.276256] mmc0: host does not support reading read-only switch, assuming write-enable
Jun  3 19:24:33 dreampi kernel: [    1.286906] mmc0: new high speed SDHC card at address aaaa
Jun  3 19:24:33 dreampi kernel: [    1.290074] mmcblk0: mmc0:aaaa SS32G 29.7 GiB
Jun  3 19:24:33 dreampi kernel: [    1.296796]  mmcblk0: p1 p2
Jun  3 19:24:33 dreampi kernel: [    1.303539] EXT4-fs (mmcblk0p2): INFO: recovery required on readonly filesystem
Jun  3 19:24:33 dreampi kernel: [    1.309065] EXT4-fs (mmcblk0p2): write access will be enabled during recovery
Jun  3 19:24:33 dreampi kernel: [    1.441694] usb 1-1: New USB device found, idVendor=0424, idProduct=9514
Jun  3 19:24:33 dreampi kernel: [    1.444604] usb 1-1: New USB device strings: Mfr=0, Product=0, SerialNumber=0
Jun  3 19:24:33 dreampi kernel: [    1.448077] hub 1-1:1.0: USB hub found
Jun  3 19:24:33 dreampi kernel: [    1.451004] hub 1-1:1.0: 5 ports detected
Jun  3 19:24:33 dreampi kernel: [    1.771436] usb 1-1.1: new high-speed USB device number 3 using dwc_otg
Jun  3 19:24:33 dreampi kernel: [    1.901677] usb 1-1.1: New USB device found, idVendor=0424, idProduct=ec00
Jun  3 19:24:33 dreampi kernel: [    1.904646] usb 1-1.1: New USB device strings: Mfr=0, Product=0, SerialNumber=0
Jun  3 19:24:33 dreampi kernel: [    1.913237] smsc95xx v1.0.6
Jun  3 19:24:33 dreampi kernel: [    2.004730] smsc95xx 1-1.1:1.0 eth0: register 'smsc95xx' at usb-3f980000.usb-1.1, smsc95xx USB 2.0 Ethernet, b8:27:eb:74:d9:6f
Jun  3 19:24:33 dreampi kernel: [    2.481427] usb 1-1.2: new full-speed USB device number 4 using dwc_otg
Jun  3 19:24:33 dreampi kernel: [    2.798042] EXT4-fs (mmcblk0p2): recovery complete
Jun  3 19:24:33 dreampi kernel: [    2.807266] EXT4-fs (mmcblk0p2): mounted filesystem with ordered data mode. Opts: (null)
Jun  3 19:24:33 dreampi kernel: [    2.813723] VFS: Mounted root (ext4 filesystem) readonly on device 179:2.
Jun  3 19:24:33 dreampi kernel: [    2.826709] devtmpfs: mounted
Jun  3 19:24:33 dreampi kernel: [    2.832907] Freeing unused kernel memory: 1024K
Jun  3 19:24:33 dreampi kernel: [    3.401189] NET: Registered protocol family 10
Jun  3 19:24:33 dreampi kernel: [    3.405817] Segment Routing with IPv6
Jun  3 19:24:33 dreampi kernel: [    3.419029] ip_tables: (C) 2000-2006 Netfilter Core Team
Jun  3 19:24:33 dreampi kernel: [    4.575546] EXT4-fs (mmcblk0p2): re-mounted. Opts: (null)
Jun  3 19:24:33 dreampi kernel: [    5.047911] usb 1-1.2: New USB device found, idVendor=17ef, idProduct=7000
Jun  3 19:24:33 dreampi kernel: [    5.047937] usb 1-1.2: New USB device strings: Mfr=1, Product=2, SerialNumber=3
Jun  3 19:24:33 dreampi kernel: [    5.047947] usb 1-1.2: Product: USB Modem
Jun  3 19:24:33 dreampi kernel: [    5.047960] usb 1-1.2: Manufacturer: Conexant
Jun  3 19:24:33 dreampi kernel: [    5.047969] usb 1-1.2: SerialNumber: 24680246
Jun  3 19:24:33 dreampi kernel: [    5.379941] usbcore: registered new interface driver brcmfmac
Jun  3 19:24:33 dreampi kernel: [    5.458748] random: crng init done
Jun  3 19:24:33 dreampi kernel: [    5.525584] cdc_acm 1-1.2:1.0: ttyACM0: USB ACM device
Jun  3 19:24:33 dreampi kernel: [    5.526661] usbcore: registered new interface driver cdc_acm
Jun  3 19:24:33 dreampi kernel: [    5.526670] cdc_acm: USB Abstract Control Model driver for USB modems and ISDN adapters
Jun  3 19:24:33 dreampi kernel: [    6.184435] smsc95xx 1-1.1:1.0 eth0: hardware isn't capable of remote wakeup
Jun  3 19:24:33 dreampi kernel: [    6.184620] IPv6: ADDRCONF(NETDEV_UP): eth0: link is not ready
Jun  3 19:24:33 dreampi kernel: [    6.486189] uart-pl011 3f201000.serial: no DMA platform data
Jun  3 19:24:33 dreampi kernel: [    6.619666] IPv6: ADDRCONF(NETDEV_UP): wlan0: link is not ready
Jun  3 19:24:33 dreampi kernel: [    6.619682] brcmfmac: power management disabled
Jun  3 19:24:34 dreampi kernel: [    6.894293] Adding 102396k swap on /var/swap.  Priority:-2 extents:1 across:102396k SSFS
Jun  3 19:24:38 dreampi kernel: [   10.926977] Bluetooth: Core ver 2.22
Jun  3 19:24:38 dreampi kernel: [   10.927054] NET: Registered protocol family 31
Jun  3 19:24:38 dreampi kernel: [   10.927061] Bluetooth: HCI device and connection manager initialized
Jun  3 19:24:38 dreampi kernel: [   10.927083] Bluetooth: HCI socket layer initialized
Jun  3 19:24:38 dreampi kernel: [   10.927095] Bluetooth: L2CAP socket layer initialized
Jun  3 19:24:38 dreampi kernel: [   10.927126] Bluetooth: SCO socket layer initialized
Jun  3 19:24:38 dreampi kernel: [   10.932697] Bluetooth: HCI UART driver ver 2.3
Jun  3 19:24:38 dreampi kernel: [   10.932713] Bluetooth: HCI UART protocol H4 registered
Jun  3 19:24:38 dreampi kernel: [   10.932719] Bluetooth: HCI UART protocol Three-wire (H5) registered
Jun  3 19:24:38 dreampi kernel: [   11.094926] Bluetooth: BNEP (Ethernet Emulation) ver 1.3
Jun  3 19:24:38 dreampi kernel: [   11.094937] Bluetooth: BNEP filters: protocol multicast
Jun  3 19:24:38 dreampi kernel: [   11.094956] Bluetooth: BNEP socket layer initialized
Jun  3 19:24:45 dreampi kernel: [   18.223126] IPv6: ADDRCONF(NETDEV_CHANGE): wlan0: link becomes ready
Jun  3 19:24:45 dreampi wpa_action: WPA_IFACE=wlan0 WPA_ACTION=CONNECTED
Jun  3 19:24:45 dreampi wpa_action: WPA_ID=1 WPA_ID_STR= WPA_CTRL_DIR=/var/run/wpa_supplicant
Jun  3 19:24:45 dreampi wpa_action: ifup wlan0=default
Jun  3 19:24:46 dreampi kernel: [   19.098059] ip6_tables: (C) 2000-2006 Netfilter Core Team
Jun  3 19:24:46 dreampi Waiting for internet connection...
Jun  3 19:24:49 dreampi Waiting for internet connection...
Jun  3 19:24:50 dreampi wpa_action: creating sendsigs omission pidfile: /run/sendsigs.omit.d/wpasupplicant.wpa_supplicant.wlan0.pid
Jun  3 19:24:50 dreampi wpa_action: bssid=b8:f8:53:f0:0c:2a
Jun  3 19:24:50 dreampi wpa_action: freq=2462
Jun  3 19:24:50 dreampi wpa_action: ssid=Fios-ZdX9C
Jun  3 19:24:50 dreampi wpa_action: id=1
Jun  3 19:24:50 dreampi wpa_action: mode=station
Jun  3 19:24:50 dreampi wpa_action: pairwise_cipher=CCMP
Jun  3 19:24:50 dreampi wpa_action: group_cipher=CCMP
Jun  3 19:24:50 dreampi wpa_action: key_mgmt=WPA2-PSK
Jun  3 19:24:50 dreampi wpa_action: wpa_state=COMPLETED
Jun  3 19:24:50 dreampi wpa_action: ip_address=192.168.1.17
Jun  3 19:24:50 dreampi wpa_action: p2p_device_address=fa:32:2a:0e:63:cc
Jun  3 19:24:50 dreampi wpa_action: address=b8:27:eb:21:8c:3a
Jun  3 19:24:50 dreampi wpa_action: uuid=25b2be0d-d07b-5cb3-840d-ef44ecc89e4b
Jun  3 19:24:53 dreampi kernel: [   26.000722] device wlan0 entered promiscuous mode
Jun  3 19:24:53 dreampi Detecting connection and modem...
Jun  3 19:24:53 dreampi Internet connected and device found!
Jun  3 19:24:53 dreampi Free IP at 192.168.1.99
Jun  3 19:24:53 dreampi Free IP at 192.168.1.98
Jun  3 19:24:53 dreampi Dreamcast IP: 192.168.1.98
Jun  3 19:24:53 dreampi Opening serial interface to ttyACM0
Jun  3 19:24:53 dreampi ATZ0 
Jun  3 19:24:53 dreampi OK 
Jun  3 19:24:53 dreampi ATE0 
Jun  3 19:24:53 dreampi OK 
Jun  3 19:24:53 dreampi AT+FCLASS=8 
Jun  3 19:24:53 dreampi OK 
Jun  3 19:24:53 dreampi AT+VLS=1 
Jun  3 19:24:54 dreampi OK 
Jun  3 19:24:54 dreampi AT+VSM=1,8000 
Jun  3 19:24:54 dreampi OK 
Jun  3 19:24:54 dreampi AT+VTX 
Jun  3 19:24:54 dreampi CONNECT 
Jun  6 21:42:14 dreampi kernel: [    0.000000] Booting Linux on physical CPU 0x0
Jun  6 21:42:14 dreampi kernel: [    0.000000] Linux version 4.14.31-v7+ (dc4@dc4-XPS13-9333) (gcc version 4.9.3 (crosstool-NG crosstool-ng-1.22.0-88-g8460611)) #1104 SMP Thu Mar 29 16:52:18 BST 2018
Jun  6 21:42:14 dreampi kernel: [    0.000000] CPU: ARMv7 Processor [410fd034] revision 4 (ARMv7), cr=10c5383d
Jun  6 21:42:14 dreampi kernel: [    0.000000] CPU: div instructions available: patching division code
Jun  6 21:42:14 dreampi kernel: [    0.000000] CPU: PIPT / VIPT nonaliasing data cache, VIPT aliasing instruction cache
Jun  6 21:42:14 dreampi kernel: [    0.000000] OF: fdt: Machine model: Raspberry Pi 3 Model B Rev 1.2
Jun  6 21:42:14 dreampi kernel: [    0.000000] Memory policy: Data cache writealloc
Jun  6 21:42:14 dreampi kernel: [    0.000000] cma: Reserved 8 MiB at 0x3ac00000
Jun  6 21:42:14 dreampi kernel: [    0.000000] random: fast init done
Jun  6 21:42:14 dreampi kernel: [    0.000000] percpu: Embedded 17 pages/cpu @ba34a000 s38720 r8192 d22720 u69632
Jun  6 21:42:14 dreampi kernel: [    0.000000] Built 1 zonelists, mobility grouping on.  Total pages: 240555
Jun  6 21:42:14 dreampi kernel: [    0.000000] Kernel command line: 8250.nr_uarts=0 bcm2708_fb.fbwidth=640 bcm2708_fb.fbheight=480 bcm2708_fb.fbswap=1 vc_mem.mem_base=0x3ec00000 vc_mem.mem_size=0x40000000  dwc_otg.lpm_enable=0 console=ttyS0,115200 console=tty1 root=PARTUUID=62af6ec8-02 rootfstype=ext4 elevator=deadline fsck.repair=yes rootwait
Jun  6 21:42:14 dreampi kernel: [    0.000000] PID hash table entries: 4096 (order: 2, 16384 bytes)
Jun  6 21:42:14 dreampi kernel: [    0.000000] Dentry cache hash table entries: 131072 (order: 7, 524288 bytes)
Jun  6 21:42:14 dreampi kernel: [    0.000000] Inode-cache hash table entries: 65536 (order: 6, 262144 bytes)
Jun  6 21:42:14 dreampi kernel: [    0.000000] Memory: 940236K/970752K available (7168K kernel code, 575K rwdata, 2072K rodata, 1024K init, 706K bss, 22324K reserved, 8192K cma-reserved)
Jun  6 21:42:14 dreampi kernel: [    0.000000] Virtual kernel memory layout:
Jun  6 21:42:14 dreampi kernel: [    0.000000]     vector  : 0xffff0000 - 0xffff1000   (   4 kB)
Jun  6 21:42:14 dreampi kernel: [    0.000000]     fixmap  : 0xffc00000 - 0xfff00000   (3072 kB)
Jun  6 21:42:14 dreampi kernel: [    0.000000]     vmalloc : 0xbb800000 - 0xff800000   (1088 MB)
Jun  6 21:42:14 dreampi kernel: [    0.000000]     lowmem  : 0x80000000 - 0xbb400000   ( 948 MB)
Jun  6 21:42:14 dreampi kernel: [    0.000000]     modules : 0x7f000000 - 0x80000000   (  16 MB)
Jun  6 21:42:14 dreampi kernel: [    0.000000]       .text : 0x80008000 - 0x80800000   (8160 kB)
Jun  6 21:42:14 dreampi kernel: [    0.000000]       .init : 0x80b00000 - 0x80c00000   (1024 kB)
Jun  6 21:42:14 dreampi kernel: [    0.000000]       .data : 0x80c00000 - 0x80c8fd4c   ( 576 kB)
Jun  6 21:42:14 dreampi kernel: [    0.000000]        .bss : 0x80c96f58 - 0x80d478b4   ( 707 kB)
Jun  6 21:42:14 dreampi kernel: [    0.000000] SLUB: HWalign=64, Order=0-3, MinObjects=0, CPUs=4, Nodes=1
Jun  6 21:42:14 dreampi kernel: [    0.000000] ftrace: allocating 25228 entries in 74 pages
Jun  6 21:42:14 dreampi kernel: [    0.000000] Hierarchical RCU implementation.
Jun  6 21:42:14 dreampi kernel: [    0.000000] NR_IRQS: 16, nr_irqs: 16, preallocated irqs: 16
Jun  6 21:42:14 dreampi kernel: [    0.000000] arch_timer: cp15 timer(s) running at 19.20MHz (phys).
Jun  6 21:42:14 dreampi kernel: [    0.000000] clocksource: arch_sys_counter: mask: 0xffffffffffffff max_cycles: 0x46d987e47, max_idle_ns: 440795202767 ns
Jun  6 21:42:14 dreampi kernel: [    0.000007] sched_clock: 56 bits at 19MHz, resolution 52ns, wraps every 4398046511078ns
Jun  6 21:42:14 dreampi kernel: [    0.000022] Switching to timer-based delay loop, resolution 52ns
Jun  6 21:42:14 dreampi kernel: [    0.000271] Console: colour dummy device 80x30
Jun  6 21:42:14 dreampi kernel: [    0.000815] console [tty1] enabled
Jun  6 21:42:14 dreampi kernel: [    0.000852] Calibrating delay loop (skipped), value calculated using timer frequency.. 38.40 BogoMIPS (lpj=192000)
Jun  6 21:42:14 dreampi mtp-probe: checking bus 1, device 3: "/sys/devices/platform/soc/3f980000.usb/usb1/1-1/1-1.1"
Jun  6 21:42:14 dreampi kernel: [    0.000893] pid_max: default: 32768 minimum: 301
Jun  6 21:42:14 dreampi kernel: [    0.001220] Mount-cache hash table entries: 2048 (order: 1, 8192 bytes)
Jun  6 21:42:14 dreampi kernel: [    0.001252] Mountpoint-cache hash table entries: 2048 (order: 1, 8192 bytes)
Jun  6 21:42:14 dreampi mtp-probe: bus: 1, device: 3 was not an MTP device
Jun  6 21:42:14 dreampi kernel: [    0.002197] Disabling memory control group subsystem
Jun  6 21:42:14 dreampi kernel: [    0.002294] CPU: Testing write buffer coherency: ok
Jun  6 21:42:14 dreampi kernel: [    0.002705] CPU0: thread -1, cpu 0, socket 0, mpidr 80000000
Jun  6 21:42:14 dreampi kernel: [    0.003102] Setting up static identity map for 0x100000 - 0x10003c
Jun  6 21:42:14 dreampi kernel: [    0.003235] Hierarchical SRCU implementation.
Jun  6 21:42:14 dreampi kernel: [    0.003889] smp: Bringing up secondary CPUs ...
Jun  6 21:42:14 dreampi kernel: [    0.004650] CPU1: thread -1, cpu 1, socket 0, mpidr 80000001
Jun  6 21:42:14 dreampi kernel: [    0.005452] CPU2: thread -1, cpu 2, socket 0, mpidr 80000002
Jun  6 21:42:14 dreampi kernel: [    0.006236] CPU3: thread -1, cpu 3, socket 0, mpidr 80000003
Jun  6 21:42:14 dreampi mtp-probe: checking bus 1, device 4: "/sys/devices/platform/soc/3f980000.usb/usb1/1-1/1-1.2"
Jun  6 21:42:14 dreampi kernel: [    0.006341] smp: Brought up 1 node, 4 CPUs
Jun  6 21:42:14 dreampi kernel: [    0.006413] SMP: Total of 4 processors activated (153.60 BogoMIPS).
Jun  6 21:42:14 dreampi kernel: [    0.006435] CPU: All CPU(s) started in HYP mode.
Jun  6 21:42:14 dreampi kernel: [    0.006452] CPU: Virtualization extensions available.
Jun  6 21:42:14 dreampi kernel: [    0.007324] devtmpfs: initialized
Jun  6 21:42:14 dreampi mtp-probe: bus: 1, device: 4 was not an MTP device
Jun  6 21:42:14 dreampi kernel: [    0.017638] VFP support v0.3: implementor 41 architecture 3 part 40 variant 3 rev 4
Jun  6 21:42:14 dreampi kernel: [    0.017890] clocksource: jiffies: mask: 0xffffffff max_cycles: 0xffffffff, max_idle_ns: 19112604462750000 ns
Jun  6 21:42:14 dreampi kernel: [    0.017935] futex hash table entries: 1024 (order: 4, 65536 bytes)
Jun  6 21:42:14 dreampi kernel: [    0.018510] pinctrl core: initialized pinctrl subsystem
Jun  6 21:42:14 dreampi kernel: [    0.019274] NET: Registered protocol family 16
Jun  6 21:42:14 dreampi kernel: [    0.021857] DMA: preallocated 1024 KiB pool for atomic coherent allocations
Jun  6 21:42:14 dreampi kernel: [    0.026621] hw-breakpoint: found 5 (+1 reserved) breakpoint and 4 watchpoint registers.
Jun  6 21:42:14 dreampi kernel: [    0.026654] hw-breakpoint: maximum watchpoint size is 8 bytes.
Jun  6 21:42:14 dreampi kernel: [    0.026872] Serial: AMBA PL011 UART driver
Jun  6 21:42:14 dreampi kernel: [    0.028493] bcm2835-mbox 3f00b880.mailbox: mailbox enabled
Jun  6 21:42:14 dreampi kernel: [    0.028968] uart-pl011 3f201000.serial: could not find pctldev for node /soc/gpio@7e200000/uart0_pins, deferring probe
Jun  6 21:42:14 dreampi kernel: [    0.060129] bcm2835-dma 3f007000.dma: DMA legacy API manager at bb813000, dmachans=0x1
Jun  6 21:42:14 dreampi kernel: [    0.061574] SCSI subsystem initialized
Jun  6 21:42:14 dreampi kernel: [    0.061813] usbcore: registered new interface driver usbfs
Jun  6 21:42:14 dreampi kernel: [    0.061881] usbcore: registered new interface driver hub
Jun  6 21:42:14 dreampi kernel: [    0.061981] usbcore: registered new device driver usb
Jun  6 21:42:14 dreampi kernel: [    0.070083] raspberrypi-firmware soc:firmware: Attached to firmware from 2018-03-23 16:31
Jun  6 21:42:14 dreampi kernel: [    0.071396] clocksource: Switched to clocksource arch_sys_counter
Jun  6 21:42:14 dreampi kernel: [    0.148871] VFS: Disk quotas dquot_6.6.0
Jun  6 21:42:14 dreampi kernel: [    0.148983] VFS: Dquot-cache hash table entries: 1024 (order 0, 4096 bytes)
Jun  6 21:42:14 dreampi kernel: [    0.149189] FS-Cache: Loaded
Jun  6 21:42:14 dreampi kernel: [    0.149396] CacheFiles: Loaded
Jun  6 21:42:14 dreampi kernel: [    0.158294] NET: Registered protocol family 2
Jun  6 21:42:14 dreampi kernel: [    0.159033] TCP established hash table entries: 8192 (order: 3, 32768 bytes)
Jun  6 21:42:14 dreampi kernel: [    0.159162] TCP bind hash table entries: 8192 (order: 4, 65536 bytes)
Jun  6 21:42:14 dreampi kernel: [    0.159365] TCP: Hash tables configured (established 8192 bind 8192)
Jun  6 21:42:14 dreampi kernel: [    0.159514] UDP hash table entries: 512 (order: 2, 16384 bytes)
Jun  6 21:42:14 dreampi kernel: [    0.159575] UDP-Lite hash table entries: 512 (order: 2, 16384 bytes)
Jun  6 21:42:14 dreampi kernel: [    0.159820] NET: Registered protocol family 1
Jun  6 21:42:14 dreampi kernel: [    0.160282] RPC: Registered named UNIX socket transport module.
Jun  6 21:42:14 dreampi kernel: [    0.160305] RPC: Registered udp transport module.
Jun  6 21:42:14 dreampi kernel: [    0.160325] RPC: Registered tcp transport module.
Jun  6 21:42:14 dreampi kernel: [    0.160343] RPC: Registered tcp NFSv4.1 backchannel transport module.
Jun  6 21:42:14 dreampi kernel: [    0.161830] hw perfevents: enabled with armv7_cortex_a7 PMU driver, 7 counters available
Jun  6 21:42:14 dreampi kernel: [    0.164628] workingset: timestamp_bits=14 max_order=18 bucket_order=4
Jun  6 21:42:14 dreampi kernel: [    0.172579] FS-Cache: Netfs 'nfs' registered for caching
Jun  6 21:42:14 dreampi kernel: [    0.173190] NFS: Registering the id_resolver key type
Jun  6 21:42:14 dreampi kernel: [    0.173240] Key type id_resolver registered
Jun  6 21:42:14 dreampi kernel: [    0.173260] Key type id_legacy registered
Jun  6 21:42:14 dreampi kernel: [    0.173289] nfs4filelayout_init: NFSv4 File Layout Driver Registering...
Jun  6 21:42:14 dreampi kernel: [    0.175178] Block layer SCSI generic (bsg) driver version 0.4 loaded (major 251)
Jun  6 21:42:14 dreampi kernel: [    0.175326] io scheduler noop registered
Jun  6 21:42:14 dreampi kernel: [    0.175348] io scheduler deadline registered (default)
Jun  6 21:42:14 dreampi kernel: [    0.175641] io scheduler cfq registered
Jun  6 21:42:14 dreampi kernel: [    0.175662] io scheduler mq-deadline registered
Jun  6 21:42:14 dreampi kernel: [    0.175683] io scheduler kyber registered
Jun  6 21:42:14 dreampi kernel: [    0.178363] BCM2708FB: allocated DMA memory fad10000
Jun  6 21:42:14 dreampi kernel: [    0.178408] BCM2708FB: allocated DMA channel 0 @ bb813000
Jun  6 21:42:14 dreampi kernel: [    0.187826] Console: switching to colour frame buffer device 80x30
Jun  6 21:42:14 dreampi kernel: [    0.197035] bcm2835-rng 3f104000.rng: hwrng registered
Jun  6 21:42:14 dreampi kernel: [    0.199765] vc-mem: phys_addr:0x00000000 mem_base=0x3ec00000 mem_size:0x40000000(1024 MiB)
Jun  6 21:42:14 dreampi kernel: [    0.205543] vc-sm: Videocore shared memory driver
Jun  6 21:42:14 dreampi kernel: [    0.208517] gpiomem-bcm2835 3f200000.gpiomem: Initialised: Registers at 0x3f200000
Jun  6 21:42:14 dreampi kernel: [    0.223775] brd: module loaded
Jun  6 21:42:14 dreampi kernel: [    0.235211] loop: module loaded
Jun  6 21:42:14 dreampi kernel: [    0.237951] Loading iSCSI transport class v2.0-870.
Jun  6 21:42:14 dreampi kernel: [    0.241256] libphy: Fixed MDIO Bus: probed
Jun  6 21:42:14 dreampi kernel: [    0.244002] usbcore: registered new interface driver lan78xx
Jun  6 21:42:14 dreampi kernel: [    0.246726] usbcore: registered new interface driver smsc95xx
Jun  6 21:42:14 dreampi kernel: [    0.249348] dwc_otg: version 3.00a 10-AUG-2012 (platform bus)
Jun  6 21:42:14 dreampi kernel: [    0.480113] Core Release: 2.80a
Jun  6 21:42:14 dreampi kernel: [    0.482772] Setting default values for core params
Jun  6 21:42:14 dreampi kernel: [    0.485385] Finished setting default values for core params
Jun  6 21:42:14 dreampi kernel: [    0.688166] Using Buffer DMA mode
Jun  6 21:42:14 dreampi kernel: [    0.690691] Periodic Transfer Interrupt Enhancement - disabled
Jun  6 21:42:14 dreampi kernel: [    0.693336] Multiprocessor Interrupt Enhancement - disabled
Jun  6 21:42:14 dreampi kernel: [    0.696010] OTG VER PARAM: 0, OTG VER FLAG: 0
Jun  6 21:42:14 dreampi kernel: [    0.698708] Dedicated Tx FIFOs mode
Jun  6 21:42:14 dreampi kernel: [    0.701796] WARN::dwc_otg_hcd_init:1046: FIQ DMA bounce buffers: virt = 0xbad04000 dma = 0xfad04000 len=9024
Jun  6 21:42:14 dreampi kernel: [    0.707483] FIQ FSM acceleration enabled for :
Jun  6 21:42:14 dreampi kernel: [    0.707483] Non-periodic Split Transactions
Jun  6 21:42:14 dreampi kernel: [    0.707483] Periodic Split Transactions
Jun  6 21:42:14 dreampi kernel: [    0.707483] High-Speed Isochronous Endpoints
Jun  6 21:42:14 dreampi kernel: [    0.707483] Interrupt/Control Split Transaction hack enabled
Jun  6 21:42:14 dreampi kernel: [    0.721170] WARN::hcd_init_fiq:459: FIQ on core 1 at 0x805e6690
Jun  6 21:42:14 dreampi kernel: [    0.723832] WARN::hcd_init_fiq:460: FIQ ASM at 0x805e69f8 length 36
Jun  6 21:42:14 dreampi kernel: [    0.726401] WARN::hcd_init_fiq:486: MPHI regs_base at 0xbb87e000
Jun  6 21:42:14 dreampi kernel: [    0.729021] dwc_otg 3f980000.usb: DWC OTG Controller
Jun  6 21:42:14 dreampi kernel: [    0.731673] dwc_otg 3f980000.usb: new USB bus registered, assigned bus number 1
Jun  6 21:42:14 dreampi kernel: [    0.736912] dwc_otg 3f980000.usb: irq 62, io mem 0x00000000
Jun  6 21:42:14 dreampi kernel: [    0.739659] Init: Port Power? op_state=1
Jun  6 21:42:14 dreampi kernel: [    0.742421] Init: Power Port (0)
Jun  6 21:42:14 dreampi kernel: [    0.745293] usb usb1: New USB device found, idVendor=1d6b, idProduct=0002
Jun  6 21:42:14 dreampi kernel: [    0.748084] usb usb1: New USB device strings: Mfr=3, Product=2, SerialNumber=1
Jun  6 21:42:14 dreampi kernel: [    0.753557] usb usb1: Product: DWC OTG Controller
Jun  6 21:42:14 dreampi kernel: [    0.756338] usb usb1: Manufacturer: Linux 4.14.31-v7+ dwc_otg_hcd
Jun  6 21:42:14 dreampi kernel: [    0.759134] usb usb1: SerialNumber: 3f980000.usb
Jun  6 21:42:14 dreampi kernel: [    0.762481] hub 1-0:1.0: USB hub found
Jun  6 21:42:14 dreampi kernel: [    0.765212] hub 1-0:1.0: 1 port detected
Jun  6 21:42:14 dreampi kernel: [    0.768659] usbcore: registered new interface driver usb-storage
Jun  6 21:42:14 dreampi kernel: [    0.771538] mousedev: PS/2 mouse device common for all mice
Jun  6 21:42:14 dreampi kernel: [    0.774237] IR NEC protocol handler initialized
Jun  6 21:42:14 dreampi kernel: [    0.776847] IR RC5(x/sz) protocol handler initialized
Jun  6 21:42:14 dreampi kernel: [    0.779485] IR RC6 protocol handler initialized
Jun  6 21:42:14 dreampi kernel: [    0.782153] IR JVC protocol handler initialized
Jun  6 21:42:14 dreampi kernel: [    0.784755] IR Sony protocol handler initialized
Jun  6 21:42:14 dreampi kernel: [    0.787336] IR SANYO protocol handler initialized
Jun  6 21:42:14 dreampi kernel: [    0.789883] IR Sharp protocol handler initialized
Jun  6 21:42:14 dreampi kernel: [    0.792393] IR MCE Keyboard/mouse protocol handler initialized
Jun  6 21:42:14 dreampi kernel: [    0.794947] IR XMP protocol handler initialized
Jun  6 21:42:14 dreampi kernel: [    0.798114] bcm2835-wdt 3f100000.watchdog: Broadcom BCM2835 watchdog timer
Jun  6 21:42:14 dreampi kernel: [    0.800968] bcm2835-cpufreq: min=600000 max=1200000
Jun  6 21:42:14 dreampi kernel: [    0.803865] sdhci: Secure Digital Host Controller Interface driver
Jun  6 21:42:14 dreampi kernel: [    0.806428] sdhci: Copyright(c) Pierre Ossman
Jun  6 21:42:14 dreampi kernel: [    0.809283] mmc-bcm2835 3f300000.mmc: could not get clk, deferring probe
Jun  6 21:42:14 dreampi kernel: [    0.812266] sdhost-bcm2835 3f202000.mmc: could not get clk, deferring probe
Jun  6 21:42:14 dreampi kernel: [    0.815011] sdhci-pltfm: SDHCI platform and OF driver helper
Jun  6 21:42:14 dreampi kernel: [    0.819083] ledtrig-cpu: registered to indicate activity on CPUs
Jun  6 21:42:14 dreampi kernel: [    0.821916] hidraw: raw HID events driver (C) Jiri Kosina
Jun  6 21:42:14 dreampi kernel: [    0.824700] usbcore: registered new interface driver usbhid
Jun  6 21:42:14 dreampi kernel: [    0.827354] usbhid: USB HID core driver
Jun  6 21:42:14 dreampi kernel: [    0.830555] vchiq: vchiq_init_state: slot_zero = bad80000, is_master = 0
Jun  6 21:42:14 dreampi kernel: [    0.834677] [vc_sm_connected_init]: start
Jun  6 21:42:14 dreampi kernel: [    0.844276] [vc_sm_connected_init]: end - returning 0
Jun  6 21:42:14 dreampi kernel: [    0.847581] Initializing XFRM netlink socket
Jun  6 21:42:14 dreampi kernel: [    0.850269] NET: Registered protocol family 17
Jun  6 21:42:14 dreampi kernel: [    0.853036] Key type dns_resolver registered
Jun  6 21:42:14 dreampi kernel: [    0.856082] Registering SWP/SWPB emulation handler
Jun  6 21:42:14 dreampi kernel: [    0.859322] registered taskstats version 1
Jun  6 21:42:14 dreampi kernel: [    0.867731] uart-pl011 3f201000.serial: cts_event_workaround enabled
Jun  6 21:42:14 dreampi kernel: [    0.870613] 3f201000.serial: ttyAMA0 at MMIO 0x3f201000 (irq = 87, base_baud = 0) is a PL011 rev2
Jun  6 21:42:14 dreampi kernel: [    0.878264] mmc-bcm2835 3f300000.mmc: mmc_debug:0 mmc_debug2:0
Jun  6 21:42:14 dreampi kernel: [    0.881287] mmc-bcm2835 3f300000.mmc: DMA channel allocated
Jun  6 21:42:14 dreampi kernel: [    0.942024] sdhost: log_buf @ bad07000 (fad07000)
Jun  6 21:42:14 dreampi kernel: [    0.982526] mmc1: queuing unknown CIS tuple 0x80 (2 bytes)
Jun  6 21:42:14 dreampi kernel: [    0.986990] mmc1: queuing unknown CIS tuple 0x80 (3 bytes)
Jun  6 21:42:14 dreampi kernel: [    0.991346] mmc1: queuing unknown CIS tuple 0x80 (3 bytes)
Jun  6 21:42:14 dreampi kernel: [    0.994196] Indeed it is in host mode hprt0 = 00021501
Jun  6 21:42:14 dreampi kernel: [    1.059458] mmc1: queuing unknown CIS tuple 0x80 (7 bytes)
Jun  6 21:42:14 dreampi kernel: [    1.081452] mmc0: sdhost-bcm2835 loaded - DMA enabled (>1)
Jun  6 21:42:14 dreampi kernel: [    1.085096] of_cfs_init
Jun  6 21:42:14 dreampi kernel: [    1.087762] of_cfs_init: OK
Jun  6 21:42:14 dreampi kernel: [    1.090694] Waiting for root device PARTUUID=62af6ec8-02...
Jun  6 21:42:14 dreampi kernel: [    1.180665] mmc1: new high speed SDIO card at address 0001
Jun  6 21:42:14 dreampi kernel: [    1.201439] usb 1-1: new high-speed USB device number 2 using dwc_otg
Jun  6 21:42:14 dreampi kernel: [    1.204092] Indeed it is in host mode hprt0 = 00001101
Jun  6 21:42:14 dreampi kernel: [    1.276231] mmc0: host does not support reading read-only switch, assuming write-enable
Jun  6 21:42:14 dreampi kernel: [    1.286855] mmc0: new high speed SDHC card at address aaaa
Jun  6 21:42:14 dreampi kernel: [    1.290021] mmcblk0: mmc0:aaaa SS32G 29.7 GiB
Jun  6 21:42:14 dreampi kernel: [    1.296603]  mmcblk0: p1 p2
Jun  6 21:42:14 dreampi kernel: [    1.307602] EXT4-fs (mmcblk0p2): INFO: recovery required on readonly filesystem
Jun  6 21:42:14 dreampi kernel: [    1.313141] EXT4-fs (mmcblk0p2): write access will be enabled during recovery
Jun  6 21:42:14 dreampi kernel: [    1.441676] usb 1-1: New USB device found, idVendor=0424, idProduct=9514
Jun  6 21:42:14 dreampi kernel: [    1.444568] usb 1-1: New USB device strings: Mfr=0, Product=0, SerialNumber=0
Jun  6 21:42:14 dreampi kernel: [    1.448035] hub 1-1:1.0: USB hub found
Jun  6 21:42:14 dreampi kernel: [    1.450928] hub 1-1:1.0: 5 ports detected
Jun  6 21:42:14 dreampi kernel: [    1.771424] usb 1-1.1: new high-speed USB device number 3 using dwc_otg
Jun  6 21:42:14 dreampi kernel: [    1.901640] usb 1-1.1: New USB device found, idVendor=0424, idProduct=ec00
Jun  6 21:42:14 dreampi kernel: [    1.904577] usb 1-1.1: New USB device strings: Mfr=0, Product=0, SerialNumber=0
Jun  6 21:42:14 dreampi kernel: [    1.913002] smsc95xx v1.0.6
Jun  6 21:42:14 dreampi kernel: [    2.004390] smsc95xx 1-1.1:1.0 eth0: register 'smsc95xx' at usb-3f980000.usb-1.1, smsc95xx USB 2.0 Ethernet, b8:27:eb:74:d9:6f
Jun  6 21:42:14 dreampi kernel: [    2.371848] EXT4-fs (mmcblk0p2): recovery complete
Jun  6 21:42:14 dreampi kernel: [    2.381056] EXT4-fs (mmcblk0p2): mounted filesystem with ordered data mode. Opts: (null)
Jun  6 21:42:14 dreampi kernel: [    2.387395] VFS: Mounted root (ext4 filesystem) readonly on device 179:2.
Jun  6 21:42:14 dreampi kernel: [    2.401559] devtmpfs: mounted
Jun  6 21:42:14 dreampi kernel: [    2.407693] Freeing unused kernel memory: 1024K
Jun  6 21:42:14 dreampi kernel: [    2.481449] usb 1-1.2: new full-speed USB device number 4 using dwc_otg
Jun  6 21:42:14 dreampi kernel: [    2.978852] NET: Registered protocol family 10
Jun  6 21:42:14 dreampi kernel: [    2.983393] Segment Routing with IPv6
Jun  6 21:42:14 dreampi kernel: [    2.996691] ip_tables: (C) 2000-2006 Netfilter Core Team
Jun  6 21:42:14 dreampi kernel: [    4.152754] EXT4-fs (mmcblk0p2): re-mounted. Opts: (null)
Jun  6 21:42:14 dreampi kernel: [    4.914908] usbcore: registered new interface driver brcmfmac
Jun  6 21:42:14 dreampi kernel: [    5.030989] random: crng init done
Jun  6 21:42:14 dreampi kernel: [    5.045357] usb 1-1.2: New USB device found, idVendor=17ef, idProduct=7000
Jun  6 21:42:14 dreampi kernel: [    5.045376] usb 1-1.2: New USB device strings: Mfr=1, Product=2, SerialNumber=3
Jun  6 21:42:14 dreampi kernel: [    5.045385] usb 1-1.2: Product: USB Modem
Jun  6 21:42:14 dreampi kernel: [    5.045394] usb 1-1.2: Manufacturer: Conexant
Jun  6 21:42:14 dreampi kernel: [    5.045404] usb 1-1.2: SerialNumber: 24680246
Jun  6 21:42:14 dreampi kernel: [    5.142918] cdc_acm 1-1.2:1.0: ttyACM0: USB ACM device
Jun  6 21:42:14 dreampi kernel: [    5.143930] usbcore: registered new interface driver cdc_acm
Jun  6 21:42:14 dreampi kernel: [    5.143941] cdc_acm: USB Abstract Control Model driver for USB modems and ISDN adapters
Jun  6 21:42:14 dreampi kernel: [    5.704136] smsc95xx 1-1.1:1.0 eth0: hardware isn't capable of remote wakeup
Jun  6 21:42:14 dreampi kernel: [    5.704384] IPv6: ADDRCONF(NETDEV_UP): eth0: link is not ready
Jun  6 21:42:14 dreampi kernel: [    5.988047] uart-pl011 3f201000.serial: no DMA platform data
Jun  6 21:42:14 dreampi kernel: [    6.075775] IPv6: ADDRCONF(NETDEV_UP): wlan0: link is not ready
Jun  6 21:42:14 dreampi kernel: [    6.075786] brcmfmac: power management disabled
Jun  6 21:42:14 dreampi liblogging-stdlog:  [origin software="rsyslogd" swVersion="8.24.0" x-pid="366" x-info="http://www.rsyslog.com"] start
Jun  6 21:42:14 dreampi kernel: [    6.434029] Adding 102396k swap on /var/swap.  Priority:-2 extents:1 across:102396k SSFS
Jun  6 21:42:18 dreampi kernel: [   10.447641] Bluetooth: Core ver 2.22
Jun  6 21:42:18 dreampi kernel: [   10.447719] NET: Registered protocol family 31
Jun  6 21:42:18 dreampi kernel: [   10.447726] Bluetooth: HCI device and connection manager initialized
Jun  6 21:42:18 dreampi kernel: [   10.447747] Bluetooth: HCI socket layer initialized
Jun  6 21:42:18 dreampi kernel: [   10.447759] Bluetooth: L2CAP socket layer initialized
Jun  6 21:42:18 dreampi kernel: [   10.447791] Bluetooth: SCO socket layer initialized
Jun  6 21:42:18 dreampi kernel: [   10.455913] Bluetooth: HCI UART driver ver 2.3
Jun  6 21:42:18 dreampi kernel: [   10.455929] Bluetooth: HCI UART protocol H4 registered
Jun  6 21:42:18 dreampi kernel: [   10.455935] Bluetooth: HCI UART protocol Three-wire (H5) registered
Jun  6 21:42:19 dreampi kernel: [   10.624239] Bluetooth: BNEP (Ethernet Emulation) ver 1.3
Jun  6 21:42:19 dreampi kernel: [   10.624257] Bluetooth: BNEP filters: protocol multicast
Jun  6 21:42:19 dreampi kernel: [   10.624286] Bluetooth: BNEP socket layer initialized
Jun  6 21:42:26 dreampi kernel: [   18.524795] IPv6: ADDRCONF(NETDEV_CHANGE): wlan0: link becomes ready
Jun  6 21:42:26 dreampi wpa_action: WPA_IFACE=wlan0 WPA_ACTION=CONNECTED
Jun  6 21:42:26 dreampi wpa_action: WPA_ID=1 WPA_ID_STR= WPA_CTRL_DIR=/var/run/wpa_supplicant
Jun  6 21:42:26 dreampi wpa_action: ifup wlan0=default
Jun  6 21:42:27 dreampi kernel: [   19.468349] ip6_tables: (C) 2000-2006 Netfilter Core Team
Jun  6 21:42:27 dreampi Waiting for internet connection...
Jun  6 21:42:30 dreampi Waiting for internet connection...
Jun  6 21:42:33 dreampi Waiting for internet connection...
Jun  6 21:42:36 dreampi wpa_action: creating sendsigs omission pidfile: /run/sendsigs.omit.d/wpasupplicant.wpa_supplicant.wlan0.pid
Jun  6 21:42:36 dreampi wpa_action: bssid=b8:f8:53:f0:0c:2a
Jun  6 21:42:36 dreampi wpa_action: freq=2462
Jun  6 21:42:36 dreampi wpa_action: ssid=Fios-ZdX9C
Jun  6 21:42:36 dreampi wpa_action: id=1
Jun  6 21:42:36 dreampi wpa_action: mode=station
Jun  6 21:42:36 dreampi wpa_action: pairwise_cipher=CCMP
Jun  6 21:42:36 dreampi wpa_action: group_cipher=CCMP
Jun  6 21:42:36 dreampi wpa_action: key_mgmt=WPA2-PSK
Jun  6 21:42:36 dreampi wpa_action: wpa_state=COMPLETED
Jun  6 21:42:36 dreampi wpa_action: ip_address=192.168.1.17
Jun  6 21:42:36 dreampi wpa_action: p2p_device_address=6a:43:95:16:95:10
Jun  6 21:42:36 dreampi wpa_action: address=b8:27:eb:21:8c:3a
Jun  6 21:42:36 dreampi wpa_action: uuid=25b2be0d-d07b-5cb3-840d-ef44ecc89e4b
Jun  6 21:42:37 dreampi kernel: [   29.038564] device wlan0 entered promiscuous mode
Jun  6 21:42:37 dreampi Detecting connection and modem...
Jun  6 21:42:37 dreampi Internet connected and device found!
Jun  6 21:42:38 dreampi Free IP at 192.168.1.99
Jun  6 21:42:38 dreampi Free IP at 192.168.1.98
Jun  6 21:42:38 dreampi Dreamcast IP: 192.168.1.98
Jun  6 21:42:38 dreampi Opening serial interface to ttyACM0
Jun  6 21:42:38 dreampi ATZ0 
Jun  6 21:42:38 dreampi OK 
Jun  6 21:42:38 dreampi ATE0 
Jun  6 21:42:38 dreampi OK 
Jun  6 21:42:38 dreampi AT+FCLASS=8 
Jun  6 21:42:38 dreampi OK 
Jun  6 21:42:38 dreampi AT+VLS=1 
Jun  6 21:42:38 dreampi OK 
Jun  6 21:42:38 dreampi AT+VSM=1,8000 
Jun  6 21:42:38 dreampi OK 
Jun  6 21:42:38 dreampi AT+VTX 
Jun  6 21:42:38 dreampi CONNECT 
Jun  6 22:08:07 dreampi kernel: [ 1320.589895] nf_conntrack version 0.5.0 (15360 buckets, 61440 max)
Jun  6 22:08:20 dreampi mtp-probe: checking bus 1, device 3: "/sys/devices/platform/soc/3f980000.usb/usb1/1-1/1-1.1"
Jun  6 22:08:20 dreampi mtp-probe: bus: 1, device: 3 was not an MTP device
Jun  6 22:08:20 dreampi kernel: [    0.000000] Booting Linux on physical CPU 0x0
Jun  6 22:08:20 dreampi kernel: [    0.000000] Linux version 4.14.31-v7+ (dc4@dc4-XPS13-9333) (gcc version 4.9.3 (crosstool-NG crosstool-ng-1.22.0-88-g8460611)) #1104 SMP Thu Mar 29 16:52:18 BST 2018
Jun  6 22:08:20 dreampi kernel: [    0.000000] CPU: ARMv7 Processor [410fd034] revision 4 (ARMv7), cr=10c5383d
Jun  6 22:08:20 dreampi kernel: [    0.000000] CPU: div instructions available: patching division code
Jun  6 22:08:20 dreampi kernel: [    0.000000] CPU: PIPT / VIPT nonaliasing data cache, VIPT aliasing instruction cache
Jun  6 22:08:20 dreampi kernel: [    0.000000] OF: fdt: Machine model: Raspberry Pi 3 Model B Rev 1.2
Jun  6 22:08:20 dreampi kernel: [    0.000000] Memory policy: Data cache writealloc
Jun  6 22:08:20 dreampi kernel: [    0.000000] cma: Reserved 8 MiB at 0x3ac00000
Jun  6 22:08:20 dreampi kernel: [    0.000000] random: fast init done
Jun  6 22:08:20 dreampi kernel: [    0.000000] percpu: Embedded 17 pages/cpu @ba34a000 s38720 r8192 d22720 u69632
Jun  6 22:08:20 dreampi kernel: [    0.000000] Built 1 zonelists, mobility grouping on.  Total pages: 240555
Jun  6 22:08:20 dreampi kernel: [    0.000000] Kernel command line: 8250.nr_uarts=0 bcm2708_fb.fbwidth=640 bcm2708_fb.fbheight=480 bcm2708_fb.fbswap=1 vc_mem.mem_base=0x3ec00000 vc_mem.mem_size=0x40000000  dwc_otg.lpm_enable=0 console=ttyS0,115200 console=tty1 root=PARTUUID=62af6ec8-02 rootfstype=ext4 elevator=deadline fsck.repair=yes rootwait
Jun  6 22:08:20 dreampi kernel: [    0.000000] PID hash table entries: 4096 (order: 2, 16384 bytes)
Jun  6 22:08:20 dreampi kernel: [    0.000000] Dentry cache hash table entries: 131072 (order: 7, 524288 bytes)
Jun  6 22:08:20 dreampi kernel: [    0.000000] Inode-cache hash table entries: 65536 (order: 6, 262144 bytes)
Jun  6 22:08:20 dreampi kernel: [    0.000000] Memory: 940236K/970752K available (7168K kernel code, 575K rwdata, 2072K rodata, 1024K init, 706K bss, 22324K reserved, 8192K cma-reserved)
Jun  6 22:08:20 dreampi kernel: [    0.000000] Virtual kernel memory layout:
Jun  6 22:08:20 dreampi kernel: [    0.000000]     vector  : 0xffff0000 - 0xffff1000   (   4 kB)
Jun  6 22:08:20 dreampi kernel: [    0.000000]     fixmap  : 0xffc00000 - 0xfff00000   (3072 kB)
Jun  6 22:08:20 dreampi kernel: [    0.000000]     vmalloc : 0xbb800000 - 0xff800000   (1088 MB)
Jun  6 22:08:20 dreampi kernel: [    0.000000]     lowmem  : 0x80000000 - 0xbb400000   ( 948 MB)
Jun  6 22:08:20 dreampi kernel: [    0.000000]     modules : 0x7f000000 - 0x80000000   (  16 MB)
Jun  6 22:08:20 dreampi kernel: [    0.000000]       .text : 0x80008000 - 0x80800000   (8160 kB)
Jun  6 22:08:20 dreampi kernel: [    0.000000]       .init : 0x80b00000 - 0x80c00000   (1024 kB)
Jun  6 22:08:20 dreampi kernel: [    0.000000]       .data : 0x80c00000 - 0x80c8fd4c   ( 576 kB)
Jun  6 22:08:20 dreampi kernel: [    0.000000]        .bss : 0x80c96f58 - 0x80d478b4   ( 707 kB)
Jun  6 22:08:20 dreampi kernel: [    0.000000] SLUB: HWalign=64, Order=0-3, MinObjects=0, CPUs=4, Nodes=1
Jun  6 22:08:20 dreampi kernel: [    0.000000] ftrace: allocating 25228 entries in 74 pages
Jun  6 22:08:20 dreampi kernel: [    0.000000] Hierarchical RCU implementation.
Jun  6 22:08:20 dreampi kernel: [    0.000000] NR_IRQS: 16, nr_irqs: 16, preallocated irqs: 16
Jun  6 22:08:20 dreampi kernel: [    0.000000] arch_timer: cp15 timer(s) running at 19.20MHz (phys).
Jun  6 22:08:20 dreampi kernel: [    0.000000] clocksource: arch_sys_counter: mask: 0xffffffffffffff max_cycles: 0x46d987e47, max_idle_ns: 440795202767 ns
Jun  6 22:08:20 dreampi kernel: [    0.000007] sched_clock: 56 bits at 19MHz, resolution 52ns, wraps every 4398046511078ns
Jun  6 22:08:20 dreampi kernel: [    0.000022] Switching to timer-based delay loop, resolution 52ns
Jun  6 22:08:20 dreampi kernel: [    0.000274] Console: colour dummy device 80x30
Jun  6 22:08:20 dreampi kernel: [    0.000819] console [tty1] enabled
Jun  6 22:08:20 dreampi kernel: [    0.000856] Calibrating delay loop (skipped), value calculated using timer frequency.. 38.40 BogoMIPS (lpj=192000)
Jun  6 22:08:20 dreampi kernel: [    0.000897] pid_max: default: 32768 minimum: 301
Jun  6 22:08:20 dreampi kernel: [    0.001224] Mount-cache hash table entries: 2048 (order: 1, 8192 bytes)
Jun  6 22:08:20 dreampi kernel: [    0.001257] Mountpoint-cache hash table entries: 2048 (order: 1, 8192 bytes)
Jun  6 22:08:20 dreampi kernel: [    0.002200] Disabling memory control group subsystem
Jun  6 22:08:20 dreampi kernel: [    0.002297] CPU: Testing write buffer coherency: ok
Jun  6 22:08:20 dreampi kernel: [    0.002708] CPU0: thread -1, cpu 0, socket 0, mpidr 80000000
Jun  6 22:08:20 dreampi kernel: [    0.003106] Setting up static identity map for 0x100000 - 0x10003c
Jun  6 22:08:20 dreampi kernel: [    0.003240] Hierarchical SRCU implementation.
Jun  6 22:08:20 dreampi kernel: [    0.003890] smp: Bringing up secondary CPUs ...
Jun  6 22:08:20 dreampi kernel: [    0.004646] CPU1: thread -1, cpu 1, socket 0, mpidr 80000001
Jun  6 22:08:20 dreampi kernel: [    0.005448] CPU2: thread -1, cpu 2, socket 0, mpidr 80000002
Jun  6 22:08:20 dreampi kernel: [    0.006231] CPU3: thread -1, cpu 3, socket 0, mpidr 80000003
Jun  6 22:08:20 dreampi kernel: [    0.006336] smp: Brought up 1 node, 4 CPUs
Jun  6 22:08:20 dreampi kernel: [    0.006408] SMP: Total of 4 processors activated (153.60 BogoMIPS).
Jun  6 22:08:20 dreampi kernel: [    0.006429] CPU: All CPU(s) started in HYP mode.
Jun  6 22:08:20 dreampi kernel: [    0.006447] CPU: Virtualization extensions available.
Jun  6 22:08:20 dreampi kernel: [    0.007319] devtmpfs: initialized
Jun  6 22:08:20 dreampi kernel: [    0.017641] VFP support v0.3: implementor 41 architecture 3 part 40 variant 3 rev 4
Jun  6 22:08:20 dreampi kernel: [    0.017890] clocksource: jiffies: mask: 0xffffffff max_cycles: 0xffffffff, max_idle_ns: 19112604462750000 ns
Jun  6 22:08:20 dreampi kernel: [    0.017934] futex hash table entries: 1024 (order: 4, 65536 bytes)
Jun  6 22:08:20 dreampi kernel: [    0.018509] pinctrl core: initialized pinctrl subsystem
Jun  6 22:08:20 dreampi kernel: [    0.019274] NET: Registered protocol family 16
Jun  6 22:08:20 dreampi kernel: [    0.021867] DMA: preallocated 1024 KiB pool for atomic coherent allocations
Jun  6 22:08:20 dreampi kernel: [    0.026628] hw-breakpoint: found 5 (+1 reserved) breakpoint and 4 watchpoint registers.
Jun  6 22:08:20 dreampi kernel: [    0.026661] hw-breakpoint: maximum watchpoint size is 8 bytes.
Jun  6 22:08:20 dreampi kernel: [    0.026880] Serial: AMBA PL011 UART driver
Jun  6 22:08:20 dreampi kernel: [    0.028503] bcm2835-mbox 3f00b880.mailbox: mailbox enabled
Jun  6 22:08:20 dreampi kernel: [    0.028975] uart-pl011 3f201000.serial: could not find pctldev for node /soc/gpio@7e200000/uart0_pins, deferring probe
Jun  6 22:08:20 dreampi kernel: [    0.060145] bcm2835-dma 3f007000.dma: DMA legacy API manager at bb813000, dmachans=0x1
Jun  6 22:08:20 dreampi kernel: [    0.061590] SCSI subsystem initialized
Jun  6 22:08:20 dreampi kernel: [    0.061830] usbcore: registered new interface driver usbfs
Jun  6 22:08:20 dreampi kernel: [    0.061898] usbcore: registered new interface driver hub
Jun  6 22:08:20 dreampi kernel: [    0.061999] usbcore: registered new device driver usb
Jun  6 22:08:20 dreampi kernel: [    0.070077] raspberrypi-firmware soc:firmware: Attached to firmware from 2018-03-23 16:31
Jun  6 22:08:20 dreampi kernel: [    0.071389] clocksource: Switched to clocksource arch_sys_counter
Jun  6 22:08:20 dreampi kernel: [    0.148894] VFS: Disk quotas dquot_6.6.0
Jun  6 22:08:20 dreampi kernel: [    0.149008] VFS: Dquot-cache hash table entries: 1024 (order 0, 4096 bytes)
Jun  6 22:08:20 dreampi kernel: [    0.149212] FS-Cache: Loaded
Jun  6 22:08:20 dreampi kernel: [    0.149419] CacheFiles: Loaded
Jun  6 22:08:20 dreampi kernel: [    0.158322] NET: Registered protocol family 2
Jun  6 22:08:20 dreampi kernel: [    0.159061] TCP established hash table entries: 8192 (order: 3, 32768 bytes)
Jun  6 22:08:20 dreampi kernel: [    0.159190] TCP bind hash table entries: 8192 (order: 4, 65536 bytes)
Jun  6 22:08:20 dreampi kernel: [    0.159393] TCP: Hash tables configured (established 8192 bind 8192)
Jun  6 22:08:20 dreampi kernel: [    0.159539] UDP hash table entries: 512 (order: 2, 16384 bytes)
Jun  6 22:08:20 dreampi kernel: [    0.159600] UDP-Lite hash table entries: 512 (order: 2, 16384 bytes)
Jun  6 22:08:20 dreampi kernel: [    0.159844] NET: Registered protocol family 1
Jun  6 22:08:20 dreampi kernel: [    0.160304] RPC: Registered named UNIX socket transport module.
Jun  6 22:08:20 dreampi kernel: [    0.160328] RPC: Registered udp transport module.
Jun  6 22:08:20 dreampi kernel: [    0.160347] RPC: Registered tcp transport module.
Jun  6 22:08:20 dreampi kernel: [    0.160366] RPC: Registered tcp NFSv4.1 backchannel transport module.
Jun  6 22:08:20 dreampi kernel: [    0.161855] hw perfevents: enabled with armv7_cortex_a7 PMU driver, 7 counters available
Jun  6 22:08:20 dreampi kernel: [    0.164658] workingset: timestamp_bits=14 max_order=18 bucket_order=4
Jun  6 22:08:20 dreampi kernel: [    0.172604] FS-Cache: Netfs 'nfs' registered for caching
Jun  6 22:08:20 dreampi kernel: [    0.173211] NFS: Registering the id_resolver key type
Jun  6 22:08:20 dreampi kernel: [    0.173258] Key type id_resolver registered
Jun  6 22:08:20 dreampi kernel: [    0.173278] Key type id_legacy registered
Jun  6 22:08:20 dreampi kernel: [    0.173307] nfs4filelayout_init: NFSv4 File Layout Driver Registering...
Jun  6 22:08:20 dreampi kernel: [    0.175197] Block layer SCSI generic (bsg) driver version 0.4 loaded (major 251)
Jun  6 22:08:20 dreampi kernel: [    0.175345] io scheduler noop registered
Jun  6 22:08:20 dreampi kernel: [    0.175367] io scheduler deadline registered (default)
Jun  6 22:08:20 dreampi kernel: [    0.175659] io scheduler cfq registered
Jun  6 22:08:20 dreampi kernel: [    0.175680] io scheduler mq-deadline registered
Jun  6 22:08:20 dreampi kernel: [    0.175701] io scheduler kyber registered
Jun  6 22:08:20 dreampi kernel: [    0.178373] BCM2708FB: allocated DMA memory fad10000
Jun  6 22:08:20 dreampi kernel: [    0.178418] BCM2708FB: allocated DMA channel 0 @ bb813000
Jun  6 22:08:20 dreampi kernel: [    0.187839] Console: switching to colour frame buffer device 80x30
Jun  6 22:08:20 dreampi kernel: [    0.197051] bcm2835-rng 3f104000.rng: hwrng registered
Jun  6 22:08:20 dreampi kernel: [    0.199783] vc-mem: phys_addr:0x00000000 mem_base=0x3ec00000 mem_size:0x40000000(1024 MiB)
Jun  6 22:08:20 dreampi kernel: [    0.205567] vc-sm: Videocore shared memory driver
Jun  6 22:08:20 dreampi kernel: [    0.208544] gpiomem-bcm2835 3f200000.gpiomem: Initialised: Registers at 0x3f200000
Jun  6 22:08:20 dreampi kernel: [    0.223795] brd: module loaded
Jun  6 22:08:20 dreampi kernel: [    0.235232] loop: module loaded
Jun  6 22:08:20 dreampi kernel: [    0.237977] Loading iSCSI transport class v2.0-870.
Jun  6 22:08:20 dreampi kernel: [    0.241290] libphy: Fixed MDIO Bus: probed
Jun  6 22:08:20 dreampi kernel: [    0.244045] usbcore: registered new interface driver lan78xx
Jun  6 22:08:20 dreampi kernel: [    0.246779] usbcore: registered new interface driver smsc95xx
Jun  6 22:08:20 dreampi kernel: [    0.249411] dwc_otg: version 3.00a 10-AUG-2012 (platform bus)
Jun  6 22:08:20 dreampi kernel: [    0.480194] Core Release: 2.80a
Jun  6 22:08:20 dreampi kernel: [    0.482860] Setting default values for core params
Jun  6 22:08:20 dreampi kernel: [    0.485482] Finished setting default values for core params
Jun  6 22:08:20 dreampi kernel: [    0.688277] Using Buffer DMA mode
Jun  6 22:08:20 dreampi kernel: [    0.690810] Periodic Transfer Interrupt Enhancement - disabled
Jun  6 22:08:20 dreampi kernel: [    0.693466] Multiprocessor Interrupt Enhancement - disabled
Jun  6 22:08:20 dreampi kernel: [    0.696148] OTG VER PARAM: 0, OTG VER FLAG: 0
Jun  6 22:08:20 dreampi kernel: [    0.698855] Dedicated Tx FIFOs mode
Jun  6 22:08:20 dreampi kernel: [    0.701945] WARN::dwc_otg_hcd_init:1046: FIQ DMA bounce buffers: virt = 0xbad04000 dma = 0xfad04000 len=9024
Jun  6 22:08:20 dreampi kernel: [    0.707636] FIQ FSM acceleration enabled for :
Jun  6 22:08:20 dreampi kernel: [    0.707636] Non-periodic Split Transactions
Jun  6 22:08:20 dreampi kernel: [    0.707636] Periodic Split Transactions
Jun  6 22:08:20 dreampi liblogging-stdlog:  [origin software="rsyslogd" swVersion="8.24.0" x-pid="333" x-info="http://www.rsyslog.com"] start
Jun  6 22:08:20 dreampi kernel: [    0.707636] High-Speed Isochronous Endpoints
Jun  6 22:08:20 dreampi kernel: [    0.707636] Interrupt/Control Split Transaction hack enabled
Jun  6 22:08:20 dreampi kernel: [    0.721318] WARN::hcd_init_fiq:459: FIQ on core 1 at 0x805e6690
Jun  6 22:08:20 dreampi kernel: [    0.723980] WARN::hcd_init_fiq:460: FIQ ASM at 0x805e69f8 length 36
Jun  6 22:08:20 dreampi kernel: [    0.726549] WARN::hcd_init_fiq:486: MPHI regs_base at 0xbb87e000
Jun  6 22:08:20 dreampi kernel: [    0.729168] dwc_otg 3f980000.usb: DWC OTG Controller
Jun  6 22:08:20 dreampi kernel: [    0.731829] dwc_otg 3f980000.usb: new USB bus registered, assigned bus number 1
Jun  6 22:08:20 dreampi kernel: [    0.737073] dwc_otg 3f980000.usb: irq 62, io mem 0x00000000
Jun  6 22:08:20 dreampi kernel: [    0.739823] Init: Port Power? op_state=1
Jun  6 22:08:20 dreampi kernel: [    0.742584] Init: Power Port (0)
Jun  6 22:08:20 dreampi kernel: [    0.745452] usb usb1: New USB device found, idVendor=1d6b, idProduct=0002
Jun  6 22:08:20 dreampi kernel: [    0.748242] usb usb1: New USB device strings: Mfr=3, Product=2, SerialNumber=1
Jun  6 22:08:20 dreampi kernel: [    0.753708] usb usb1: Product: DWC OTG Controller
Jun  6 22:08:20 dreampi kernel: [    0.756485] usb usb1: Manufacturer: Linux 4.14.31-v7+ dwc_otg_hcd
Jun  6 22:08:20 dreampi kernel: [    0.759279] usb usb1: SerialNumber: 3f980000.usb
Jun  6 22:08:20 dreampi kernel: [    0.762618] hub 1-0:1.0: USB hub found
Jun  6 22:08:20 dreampi kernel: [    0.765345] hub 1-0:1.0: 1 port detected
Jun  6 22:08:20 dreampi kernel: [    0.768784] usbcore: registered new interface driver usb-storage
Jun  6 22:08:20 dreampi kernel: [    0.771657] mousedev: PS/2 mouse device common for all mice
Jun  6 22:08:20 dreampi kernel: [    0.774351] IR NEC protocol handler initialized
Jun  6 22:08:20 dreampi kernel: [    0.776958] IR RC5(x/sz) protocol handler initialized
Jun  6 22:08:20 dreampi kernel: [    0.779595] IR RC6 protocol handler initialized
Jun  6 22:08:20 dreampi kernel: [    0.782258] IR JVC protocol handler initialized
Jun  6 22:08:20 dreampi kernel: [    0.784860] IR Sony protocol handler initialized
Jun  6 22:08:20 dreampi kernel: [    0.787441] IR SANYO protocol handler initialized
Jun  6 22:08:20 dreampi kernel: [    0.789989] IR Sharp protocol handler initialized
Jun  6 22:08:20 dreampi kernel: [    0.792499] IR MCE Keyboard/mouse protocol handler initialized
Jun  6 22:08:20 dreampi kernel: [    0.795052] IR XMP protocol handler initialized
Jun  6 22:08:20 dreampi kernel: [    0.798222] bcm2835-wdt 3f100000.watchdog: Broadcom BCM2835 watchdog timer
Jun  6 22:08:20 dreampi kernel: [    0.801072] bcm2835-cpufreq: min=600000 max=1200000
Jun  6 22:08:20 dreampi kernel: [    0.803959] sdhci: Secure Digital Host Controller Interface driver
Jun  6 22:08:20 dreampi kernel: [    0.806516] sdhci: Copyright(c) Pierre Ossman
Jun  6 22:08:20 dreampi kernel: [    0.809370] mmc-bcm2835 3f300000.mmc: could not get clk, deferring probe
Jun  6 22:08:20 dreampi kernel: [    0.812348] sdhost-bcm2835 3f202000.mmc: could not get clk, deferring probe
Jun  6 22:08:20 dreampi kernel: [    0.815094] sdhci-pltfm: SDHCI platform and OF driver helper
Jun  6 22:08:20 dreampi kernel: [    0.819154] ledtrig-cpu: registered to indicate activity on CPUs
Jun  6 22:08:20 dreampi kernel: [    0.821979] hidraw: raw HID events driver (C) Jiri Kosina
Jun  6 22:08:20 dreampi kernel: [    0.824763] usbcore: registered new interface driver usbhid
Jun  6 22:08:20 dreampi kernel: [    0.827413] usbhid: USB HID core driver
Jun  6 22:08:20 dreampi kernel: [    0.830609] vchiq: vchiq_init_state: slot_zero = bad80000, is_master = 0
Jun  6 22:08:20 dreampi kernel: [    0.834727] [vc_sm_connected_init]: start
Jun  6 22:08:20 dreampi kernel: [    0.844344] [vc_sm_connected_init]: end - returning 0
Jun  6 22:08:20 dreampi kernel: [    0.847638] Initializing XFRM netlink socket
Jun  6 22:08:20 dreampi kernel: [    0.850324] NET: Registered protocol family 17
Jun  6 22:08:20 dreampi kernel: [    0.853085] Key type dns_resolver registered
Jun  6 22:08:20 dreampi kernel: [    0.856125] Registering SWP/SWPB emulation handler
Jun  6 22:08:20 dreampi kernel: [    0.859359] registered taskstats version 1
Jun  6 22:08:20 dreampi kernel: [    0.867761] uart-pl011 3f201000.serial: cts_event_workaround enabled
Jun  6 22:08:20 dreampi kernel: [    0.870640] 3f201000.serial: ttyAMA0 at MMIO 0x3f201000 (irq = 87, base_baud = 0) is a PL011 rev2
Jun  6 22:08:20 dreampi kernel: [    0.878222] mmc-bcm2835 3f300000.mmc: mmc_debug:0 mmc_debug2:0
Jun  6 22:08:20 dreampi kernel: [    0.881240] mmc-bcm2835 3f300000.mmc: DMA channel allocated
Jun  6 22:08:20 dreampi kernel: [    0.942018] sdhost: log_buf @ bad07000 (fad07000)
Jun  6 22:08:20 dreampi kernel: [    0.981531] mmc1: queuing unknown CIS tuple 0x80 (2 bytes)
Jun  6 22:08:20 dreampi kernel: [    0.985992] mmc1: queuing unknown CIS tuple 0x80 (3 bytes)
Jun  6 22:08:20 dreampi kernel: [    0.990347] mmc1: queuing unknown CIS tuple 0x80 (3 bytes)
Jun  6 22:08:20 dreampi kernel: [    0.993197] Indeed it is in host mode hprt0 = 00021501
Jun  6 22:08:20 dreampi kernel: [    1.058459] mmc1: queuing unknown CIS tuple 0x80 (7 bytes)
Jun  6 22:08:20 dreampi kernel: [    1.081422] mmc0: sdhost-bcm2835 loaded - DMA enabled (>1)
Jun  6 22:08:20 dreampi kernel: [    1.085085] of_cfs_init
Jun  6 22:08:20 dreampi kernel: [    1.087756] of_cfs_init: OK
Jun  6 22:08:20 dreampi kernel: [    1.090688] Waiting for root device PARTUUID=62af6ec8-02...
Jun  6 22:08:20 dreampi kernel: [    1.179413] mmc1: new high speed SDIO card at address 0001
Jun  6 22:08:20 dreampi kernel: [    1.201434] usb 1-1: new high-speed USB device number 2 using dwc_otg
Jun  6 22:08:20 dreampi kernel: [    1.204091] Indeed it is in host mode hprt0 = 00001101
Jun  6 22:08:20 dreampi kernel: [    1.276596] mmc0: host does not support reading read-only switch, assuming write-enable
Jun  6 22:08:20 dreampi kernel: [    1.286360] mmc0: new high speed SDHC card at address aaaa
Jun  6 22:08:20 dreampi kernel: [    1.289537] mmcblk0: mmc0:aaaa SS32G 29.7 GiB
Jun  6 22:08:20 dreampi kernel: [    1.296121]  mmcblk0: p1 p2
Jun  6 22:08:20 dreampi kernel: [    1.313886] EXT4-fs (mmcblk0p2): mounted filesystem with ordered data mode. Opts: (null)
Jun  6 22:08:20 dreampi kernel: [    1.319499] VFS: Mounted root (ext4 filesystem) readonly on device 179:2.
Jun  6 22:08:20 dreampi kernel: [    1.331542] devtmpfs: mounted
Jun  6 22:08:20 dreampi kernel: [    1.337292] Freeing unused kernel memory: 1024K
Jun  6 22:08:20 dreampi kernel: [    1.441671] usb 1-1: New USB device found, idVendor=0424, idProduct=9514
Jun  6 22:08:20 dreampi kernel: [    1.444628] usb 1-1: New USB device strings: Mfr=0, Product=0, SerialNumber=0
Jun  6 22:08:20 dreampi kernel: [    1.448191] hub 1-1:1.0: USB hub found
Jun  6 22:08:20 dreampi kernel: [    1.451131] hub 1-1:1.0: 5 ports detected
Jun  6 22:08:20 dreampi kernel: [    1.771491] usb 1-1.1: new high-speed USB device number 3 using dwc_otg
Jun  6 22:08:20 dreampi kernel: [    1.911777] usb 1-1.1: New USB device found, idVendor=0424, idProduct=ec00
Jun  6 22:08:20 dreampi kernel: [    1.914893] usb 1-1.1: New USB device strings: Mfr=0, Product=0, SerialNumber=0
Jun  6 22:08:20 dreampi kernel: [    1.920211] NET: Registered protocol family 10
Jun  6 22:08:20 dreampi kernel: [    1.921483] Segment Routing with IPv6
Jun  6 22:08:20 dreampi kernel: [    1.929959] smsc95xx v1.0.6
Jun  6 22:08:20 dreampi kernel: [    1.938943] ip_tables: (C) 2000-2006 Netfilter Core Team
Jun  6 22:08:20 dreampi kernel: [    2.037022] smsc95xx 1-1.1:1.0 eth0: register 'smsc95xx' at usb-3f980000.usb-1.1, smsc95xx USB 2.0 Ethernet, b8:27:eb:74:d9:6f
Jun  6 22:08:20 dreampi kernel: [    2.481448] usb 1-1.2: new full-speed USB device number 4 using dwc_otg
Jun  6 22:08:20 dreampi kernel: [    3.103818] EXT4-fs (mmcblk0p2): re-mounted. Opts: (null)
Jun  6 22:08:20 dreampi kernel: [    3.860701] usbcore: registered new interface driver brcmfmac
Jun  6 22:08:20 dreampi kernel: [    4.070335] random: crng init done
Jun  6 22:08:20 dreampi kernel: [    4.754355] smsc95xx 1-1.1:1.0 eth0: hardware isn't capable of remote wakeup
Jun  6 22:08:20 dreampi kernel: [    4.754611] IPv6: ADDRCONF(NETDEV_UP): eth0: link is not ready
Jun  6 22:08:20 dreampi kernel: [    5.040461] IPv6: ADDRCONF(NETDEV_UP): wlan0: link is not ready
Jun  6 22:08:20 dreampi kernel: [    5.040625] brcmfmac: power management disabled
Jun  6 22:08:20 dreampi kernel: [    5.055085] usb 1-1.2: New USB device found, idVendor=17ef, idProduct=7000
Jun  6 22:08:20 dreampi kernel: [    5.055104] usb 1-1.2: New USB device strings: Mfr=1, Product=2, SerialNumber=3
Jun  6 22:08:20 dreampi kernel: [    5.055113] usb 1-1.2: Product: USB Modem
Jun  6 22:08:20 dreampi kernel: [    5.055121] usb 1-1.2: Manufacturer: Conexant
Jun  6 22:08:20 dreampi kernel: [    5.055130] usb 1-1.2: SerialNumber: 24680246
Jun  6 22:08:20 dreampi mtp-probe: checking bus 1, device 4: "/sys/devices/platform/soc/3f980000.usb/usb1/1-1/1-1.2"
Jun  6 22:08:20 dreampi mtp-probe: bus: 1, device: 4 was not an MTP device
Jun  6 22:08:20 dreampi kernel: [    5.172479] cdc_acm 1-1.2:1.0: ttyACM0: USB ACM device
Jun  6 22:08:20 dreampi kernel: [    5.173580] usbcore: registered new interface driver cdc_acm
Jun  6 22:08:20 dreampi kernel: [    5.173590] cdc_acm: USB Abstract Control Model driver for USB modems and ISDN adapters
Jun  6 22:08:20 dreampi kernel: [    5.236738] uart-pl011 3f201000.serial: no DMA platform data
Jun  6 22:08:20 dreampi kernel: [    5.505686] Adding 102396k swap on /var/swap.  Priority:-2 extents:1 across:102396k SSFS
Jun  6 22:08:21 dreampi kernel: [    6.221887] IPv6: ADDRCONF(NETDEV_CHANGE): wlan0: link becomes ready
Jun  6 22:08:21 dreampi wpa_action: WPA_IFACE=wlan0 WPA_ACTION=CONNECTED
Jun  6 22:08:21 dreampi wpa_action: WPA_ID=1 WPA_ID_STR= WPA_CTRL_DIR=/var/run/wpa_supplicant
Jun  6 22:08:21 dreampi wpa_action: ifup wlan0=default
Jun  6 22:08:22 dreampi kernel: [    7.376394] ip6_tables: (C) 2000-2006 Netfilter Core Team
Jun  6 22:08:22 dreampi Waiting for internet connection...
Jun  6 22:08:24 dreampi kernel: [    9.658437] Bluetooth: Core ver 2.22
Jun  6 22:08:24 dreampi kernel: [    9.658517] NET: Registered protocol family 31
Jun  6 22:08:24 dreampi kernel: [    9.658526] Bluetooth: HCI device and connection manager initialized
Jun  6 22:08:24 dreampi kernel: [    9.658547] Bluetooth: HCI socket layer initialized
Jun  6 22:08:24 dreampi kernel: [    9.658559] Bluetooth: L2CAP socket layer initialized
Jun  6 22:08:24 dreampi kernel: [    9.658589] Bluetooth: SCO socket layer initialized
Jun  6 22:08:24 dreampi kernel: [    9.665431] Bluetooth: HCI UART driver ver 2.3
Jun  6 22:08:24 dreampi kernel: [    9.665446] Bluetooth: HCI UART protocol H4 registered
Jun  6 22:08:24 dreampi kernel: [    9.665453] Bluetooth: HCI UART protocol Three-wire (H5) registered
Jun  6 22:08:24 dreampi kernel: [    9.836495] Bluetooth: BNEP (Ethernet Emulation) ver 1.3
Jun  6 22:08:24 dreampi kernel: [    9.836500] Bluetooth: BNEP filters: protocol multicast
Jun  6 22:08:24 dreampi kernel: [    9.836512] Bluetooth: BNEP socket layer initialized
Jun  6 22:08:25 dreampi Waiting for internet connection...
Jun  6 22:08:29 dreampi kernel: [   14.076974] device wlan0 entered promiscuous mode
Jun  6 22:08:29 dreampi wpa_action: creating sendsigs omission pidfile: /run/sendsigs.omit.d/wpasupplicant.wpa_supplicant.wlan0.pid
Jun  6 22:08:29 dreampi wpa_action: bssid=b8:f8:53:f0:0c:2a
Jun  6 22:08:29 dreampi wpa_action: freq=2462
Jun  6 22:08:29 dreampi wpa_action: ssid=Fios-ZdX9C
Jun  6 22:08:29 dreampi wpa_action: id=1
Jun  6 22:08:29 dreampi wpa_action: mode=station
Jun  6 22:08:29 dreampi wpa_action: pairwise_cipher=CCMP
Jun  6 22:08:29 dreampi wpa_action: group_cipher=CCMP
Jun  6 22:08:29 dreampi wpa_action: key_mgmt=WPA2-PSK
Jun  6 22:08:29 dreampi wpa_action: wpa_state=COMPLETED
Jun  6 22:08:29 dreampi wpa_action: ip_address=192.168.1.17
Jun  6 22:08:29 dreampi wpa_action: p2p_device_address=22:27:3f:33:21:82
Jun  6 22:08:29 dreampi wpa_action: address=b8:27:eb:21:8c:3a
Jun  6 22:08:29 dreampi wpa_action: uuid=25b2be0d-d07b-5cb3-840d-ef44ecc89e4b
Jun  6 22:08:29 dreampi Detecting connection and modem...
Jun  6 22:08:29 dreampi Internet connected and device found!
Jun  6 22:08:29 dreampi Free IP at 192.168.1.99
Jun  6 22:08:29 dreampi Free IP at 192.168.1.98
Jun  6 22:08:29 dreampi Dreamcast IP: 192.168.1.98
Jun  6 22:08:29 dreampi Opening serial interface to ttyACM0
Jun  6 22:08:29 dreampi ATZ0 
Jun  6 22:08:29 dreampi OK 
Jun  6 22:08:29 dreampi ATE0 
Jun  6 22:08:29 dreampi OK 
Jun  6 22:08:29 dreampi AT+FCLASS=8 
Jun  6 22:08:29 dreampi OK 
Jun  6 22:08:29 dreampi AT+VLS=1 
Jun  6 22:08:30 dreampi OK 
Jun  6 22:08:30 dreampi AT+VSM=1,8000 
Jun  6 22:08:30 dreampi OK 
Jun  6 22:08:30 dreampi AT+VTX 
Jun  6 22:08:30 dreampi CONNECT 
Jun  6 23:15:22 dreampi Heard: 8
Jun  6 23:15:24 dreampi ATH0 
Jun  6 23:15:24 dreampi OK 
Jun  6 23:15:24 dreampi ATZ0 
Jun  6 23:15:24 dreampi OK 
Jun  6 23:15:24 dreampi ATE0 
Jun  6 23:15:24 dreampi OK 
Jun  6 23:15:24 dreampi ATZ0 
Jun  6 23:15:24 dreampi OK 
Jun  6 23:15:24 dreampi ATE0 
Jun  6 23:15:24 dreampi OK 
Jun  6 23:15:24 dreampi ATA 
Jun  6 23:15:38 dreampi CONNECT 
Jun  6 23:15:43 dreampi Call answered!
Jun  6 23:15:43 dreampi kernel: [ 4039.382722] PPP generic driver version 2.4.2
Jun  6 23:15:43 dreampi pppd[1036]: pppd 2.4.7 started by root, uid 0
Jun  6 23:15:43 dreampi  
Jun  6 23:15:43 dreampi Connected 
Jun  6 23:15:43 dreampi Serial interface terminated
Jun  6 23:15:43 dreampi pppd[1036]: Using interface ppp0
Jun  6 23:15:43 dreampi pppd[1036]: Connect: ppp0 <--> /dev/ttyACM0
Jun  6 23:15:47 dreampi pppd[1036]: found interface wlan0 for proxy arp
Jun  6 23:15:47 dreampi pppd[1036]: local  IP address 192.168.1.99
Jun  6 23:15:47 dreampi pppd[1036]: remote IP address 192.168.1.98
Jun  6 23:26:54 dreampi pppd[1036]: Hangup (SIGHUP)
Jun  6 23:26:54 dreampi pppd[1036]: Modem hangup
Jun  6 23:26:54 dreampi pppd[1036]: Connect time 11.2 minutes.
Jun  6 23:26:54 dreampi pppd[1036]: Sent 163854 bytes, received 29945 bytes.
Jun  6 23:26:54 dreampi pppd[1036]: Connection terminated.
Jun  6 23:26:54 dreampi Detected modem hang up, going back to listening
Jun  6 23:26:55 dreampi pppd[1036]: Exit.
Jun  6 23:26:59 dreampi Opening serial interface to ttyACM0
Jun  6 23:26:59 dreampi ATZ0 
Jun  6 23:26:59 dreampi OK 
Jun  6 23:26:59 dreampi ATE0 
Jun  6 23:26:59 dreampi OK 
Jun  6 23:26:59 dreampi AT+FCLASS=8 
Jun  6 23:26:59 dreampi OK 
Jun  6 23:26:59 dreampi AT+VLS=1 
Jun  6 23:26:59 dreampi OK 
Jun  6 23:26:59 dreampi AT+VSM=1,8000 
Jun  6 23:26:59 dreampi OK 
Jun  6 23:26:59 dreampi AT+VTX 
Jun  6 23:27:00 dreampi CONNECT 
Jun  7 00:37:58 dreampi Heard: 1
Jun  7 00:38:00 dreampi ATH0 
Jun  7 00:38:00 dreampi OK 
Jun  7 00:38:00 dreampi ATZ0 
Jun  7 00:38:00 dreampi OK 
Jun  7 00:38:00 dreampi ATE0 
Jun  7 00:38:00 dreampi OK 
Jun  7 00:38:00 dreampi ATZ0 
Jun  7 00:38:00 dreampi OK 
Jun  7 00:38:00 dreampi ATE0 
Jun  7 00:38:00 dreampi OK 
Jun  7 00:38:00 dreampi ATA 
Jun  7 00:38:16 dreampi CONNECT 
Jun  7 00:38:21 dreampi Call answered!
Jun  7 00:38:21 dreampi pppd[1214]: pppd 2.4.7 started by root, uid 0
Jun  7 00:38:21 dreampi  
Jun  7 00:38:21 dreampi Connected 
Jun  7 00:38:21 dreampi pppd[1214]: Using interface ppp0
Jun  7 00:38:21 dreampi pppd[1214]: Connect: ppp0 <--> /dev/ttyACM0
Jun  7 00:38:21 dreampi Serial interface terminated
Jun  7 00:38:26 dreampi pppd[1214]: found interface wlan0 for proxy arp
Jun  7 00:38:26 dreampi pppd[1214]: local  IP address 192.168.1.99
Jun  7 00:38:26 dreampi pppd[1214]: remote IP address 192.168.1.98
Jun  7 00:38:29 dreampi pppd[1214]: LCP terminated by peer
Jun  7 00:38:29 dreampi pppd[1214]: Connect time 0.1 minutes.
Jun  7 00:38:29 dreampi pppd[1214]: Sent 7449 bytes, received 1572 bytes.
Jun  7 00:38:32 dreampi pppd[1214]: Hangup (SIGHUP)
Jun  7 00:38:32 dreampi pppd[1214]: Modem hangup
Jun  7 00:38:32 dreampi pppd[1214]: Connection terminated.
Jun  7 00:38:32 dreampi Detected modem hang up, going back to listening
Jun  7 00:38:33 dreampi pppd[1214]: Exit.
Jun  7 00:38:37 dreampi Opening serial interface to ttyACM0
Jun  7 00:38:37 dreampi ATZ0 
Jun  7 00:38:37 dreampi OK 
Jun  7 00:38:37 dreampi ATE0 
Jun  7 00:38:37 dreampi OK 
Jun  7 00:38:37 dreampi AT+FCLASS=8 
Jun  7 00:38:37 dreampi OK 
Jun  7 00:38:37 dreampi AT+VLS=1 
Jun  7 00:38:37 dreampi OK 
Jun  7 00:38:37 dreampi AT+VSM=1,8000 
Jun  7 00:38:37 dreampi OK 
Jun  7 00:38:37 dreampi AT+VTX 
Jun  7 00:38:37 dreampi CONNECT 
Jun  7 00:38:38 dreampi Heard: 5
Jun  7 00:38:40 dreampi ATH0 
Jun  7 00:38:40 dreampi OK 
Jun  7 00:38:40 dreampi ATZ0 
Jun  7 00:38:40 dreampi OK 
Jun  7 00:38:40 dreampi ATE0 
Jun  7 00:38:40 dreampi OK 
Jun  7 00:38:40 dreampi ATZ0 
Jun  7 00:38:40 dreampi OK 
Jun  7 00:38:40 dreampi ATE0 
Jun  7 00:38:40 dreampi OK 
Jun  7 00:38:40 dreampi ATA 
Jun  7 00:38:56 dreampi CONNECT 
Jun  7 00:39:01 dreampi Call answered!
Jun  7 00:39:01 dreampi pppd[1251]: pppd 2.4.7 started by root, uid 0
Jun  7 00:39:01 dreampi  
Jun  7 00:39:01 dreampi Connected 
Jun  7 00:39:01 dreampi pppd[1251]: Using interface ppp0
Jun  7 00:39:01 dreampi pppd[1251]: Connect: ppp0 <--> /dev/ttyACM0
Jun  7 00:39:01 dreampi Serial interface terminated
Jun  7 00:39:05 dreampi pppd[1251]: found interface wlan0 for proxy arp
Jun  7 00:39:05 dreampi pppd[1251]: local  IP address 192.168.1.99
Jun  7 00:39:05 dreampi pppd[1251]: remote IP address 192.168.1.98
Jun  7 00:55:05 dreampi pppd[1251]: LCP terminated by peer
Jun  7 00:55:05 dreampi pppd[1251]: Connect time 16.0 minutes.
Jun  7 00:55:05 dreampi pppd[1251]: Sent 102538 bytes, received 45938 bytes.
Jun  7 00:55:07 dreampi pppd[1251]: Hangup (SIGHUP)
Jun  7 00:55:07 dreampi pppd[1251]: Modem hangup
Jun  7 00:55:07 dreampi pppd[1251]: Connection terminated.
Jun  7 00:55:07 dreampi Detected modem hang up, going back to listening
Jun  7 00:55:08 dreampi pppd[1251]: Exit.
Jun  7 00:55:12 dreampi Opening serial interface to ttyACM0
Jun  7 00:55:12 dreampi ATZ0 
Jun  7 00:55:12 dreampi OK 
Jun  7 00:55:12 dreampi ATE0 
Jun  7 00:55:12 dreampi OK 
Jun  7 00:55:12 dreampi AT+FCLASS=8 
Jun  7 00:55:12 dreampi OK 
Jun  7 00:55:12 dreampi AT+VLS=1 
Jun  7 00:55:12 dreampi OK 
Jun  7 00:55:12 dreampi AT+VSM=1,8000 
Jun  7 00:55:12 dreampi OK 
Jun  7 00:55:12 dreampi AT+VTX 
Jun  7 00:55:12 dreampi CONNECT 
Jun  7 00:55:13 dreampi Heard: 5
Jun  7 00:55:15 dreampi ATH0 
Jun  7 00:55:15 dreampi OK 
Jun  7 00:55:15 dreampi ATZ0 
Jun  7 00:55:16 dreampi OK 
Jun  7 00:55:16 dreampi ATE0 
Jun  7 00:55:16 dreampi OK 
Jun  7 00:55:16 dreampi ATZ0 
Jun  7 00:55:16 dreampi OK 
Jun  7 00:55:16 dreampi ATE0 
Jun  7 00:55:16 dreampi OK 
Jun  7 00:55:16 dreampi ATA 
Jun  7 00:55:32 dreampi CONNECT 
Jun  7 00:55:37 dreampi Call answered!
Jun  7 00:55:37 dreampi pppd[1302]: pppd 2.4.7 started by root, uid 0
Jun  7 00:55:37 dreampi  
Jun  7 00:55:37 dreampi pppd[1302]: Using interface ppp0
Jun  7 00:55:37 dreampi pppd[1302]: Connect: ppp0 <--> /dev/ttyACM0
Jun  7 00:55:37 dreampi Connected 
Jun  7 00:55:37 dreampi Serial interface terminated
Jun  7 00:55:41 dreampi pppd[1302]: found interface wlan0 for proxy arp
Jun  7 00:55:41 dreampi pppd[1302]: local  IP address 192.168.1.99
Jun  7 00:55:41 dreampi pppd[1302]: remote IP address 192.168.1.98
Jun  7 01:00:16 dreampi pppd[1302]: LCP terminated by peer
Jun  7 01:00:16 dreampi pppd[1302]: Connect time 4.6 minutes.
Jun  7 01:00:16 dreampi pppd[1302]: Sent 22397 bytes, received 9760 bytes.
Jun  7 01:00:19 dreampi pppd[1302]: Connection terminated.
Jun  7 01:00:20 dreampi pppd[1302]: Hangup (SIGHUP)
Jun  7 01:00:20 dreampi pppd[1302]: Modem hangup
Jun  7 01:00:20 dreampi pppd[1302]: Exit.
Jun  7 01:00:20 dreampi Detected modem hang up, going back to listening
Jun  7 01:00:25 dreampi Opening serial interface to ttyACM0
Jun  7 01:00:25 dreampi ATZ0 
Jun  7 01:00:25 dreampi OK 
Jun  7 01:00:25 dreampi ATE0 
Jun  7 01:00:25 dreampi OK 
Jun  7 01:00:25 dreampi AT+FCLASS=8 
Jun  7 01:00:25 dreampi OK 
Jun  7 01:00:25 dreampi AT+VLS=1 
Jun  7 01:00:25 dreampi OK 
Jun  7 01:00:25 dreampi AT+VSM=1,8000 
Jun  7 01:00:25 dreampi OK 
Jun  7 01:00:25 dreampi AT+VTX 
Jun  7 01:00:25 dreampi CONNECT 
Jun  7 06:25:01 dreampi liblogging-stdlog:  [origin software="rsyslogd" swVersion="8.24.0" x-pid="333" x-info="http://www.rsyslog.com"] rsyslogd was HUPed
Jun  7 20:22:31 dreampi kernel: [    0.000000] Booting Linux on physical CPU 0x0
Jun  7 20:22:31 dreampi kernel: [    0.000000] Linux version 4.14.31-v7+ (dc4@dc4-XPS13-9333) (gcc version 4.9.3 (crosstool-NG crosstool-ng-1.22.0-88-g8460611)) #1104 SMP Thu Mar 29 16:52:18 BST 2018
Jun  7 20:22:31 dreampi kernel: [    0.000000] CPU: ARMv7 Processor [410fd034] revision 4 (ARMv7), cr=10c5383d
Jun  7 20:22:31 dreampi kernel: [    0.000000] CPU: div instructions available: patching division code
Jun  7 20:22:31 dreampi kernel: [    0.000000] CPU: PIPT / VIPT nonaliasing data cache, VIPT aliasing instruction cache
Jun  7 20:22:31 dreampi kernel: [    0.000000] OF: fdt: Machine model: Raspberry Pi 3 Model B Rev 1.2
Jun  7 20:22:31 dreampi kernel: [    0.000000] Memory policy: Data cache writealloc
Jun  7 20:22:31 dreampi kernel: [    0.000000] cma: Reserved 8 MiB at 0x3ac00000
Jun  7 20:22:31 dreampi kernel: [    0.000000] random: fast init done
Jun  7 20:22:31 dreampi kernel: [    0.000000] percpu: Embedded 17 pages/cpu @ba34a000 s38720 r8192 d22720 u69632
Jun  7 20:22:31 dreampi kernel: [    0.000000] Built 1 zonelists, mobility grouping on.  Total pages: 240555
Jun  7 20:22:31 dreampi kernel: [    0.000000] Kernel command line: 8250.nr_uarts=0 bcm2708_fb.fbwidth=640 bcm2708_fb.fbheight=480 bcm2708_fb.fbswap=1 vc_mem.mem_base=0x3ec00000 vc_mem.mem_size=0x40000000  dwc_otg.lpm_enable=0 console=ttyS0,115200 console=tty1 root=PARTUUID=62af6ec8-02 rootfstype=ext4 elevator=deadline fsck.repair=yes rootwait
Jun  7 20:22:31 dreampi kernel: [    0.000000] PID hash table entries: 4096 (order: 2, 16384 bytes)
Jun  7 20:22:31 dreampi kernel: [    0.000000] Dentry cache hash table entries: 131072 (order: 7, 524288 bytes)
Jun  7 20:22:31 dreampi kernel: [    0.000000] Inode-cache hash table entries: 65536 (order: 6, 262144 bytes)
Jun  7 20:22:31 dreampi kernel: [    0.000000] Memory: 940236K/970752K available (7168K kernel code, 575K rwdata, 2072K rodata, 1024K init, 706K bss, 22324K reserved, 8192K cma-reserved)
Jun  7 20:22:31 dreampi kernel: [    0.000000] Virtual kernel memory layout:
Jun  7 20:22:31 dreampi kernel: [    0.000000]     vector  : 0xffff0000 - 0xffff1000   (   4 kB)
Jun  7 20:22:31 dreampi kernel: [    0.000000]     fixmap  : 0xffc00000 - 0xfff00000   (3072 kB)
Jun  7 20:22:31 dreampi kernel: [    0.000000]     vmalloc : 0xbb800000 - 0xff800000   (1088 MB)
Jun  7 20:22:31 dreampi kernel: [    0.000000]     lowmem  : 0x80000000 - 0xbb400000   ( 948 MB)
Jun  7 20:22:31 dreampi kernel: [    0.000000]     modules : 0x7f000000 - 0x80000000   (  16 MB)
Jun  7 20:22:31 dreampi kernel: [    0.000000]       .text : 0x80008000 - 0x80800000   (8160 kB)
Jun  7 20:22:31 dreampi kernel: [    0.000000]       .init : 0x80b00000 - 0x80c00000   (1024 kB)
Jun  7 20:22:31 dreampi kernel: [    0.000000]       .data : 0x80c00000 - 0x80c8fd4c   ( 576 kB)
Jun  7 20:22:31 dreampi kernel: [    0.000000]        .bss : 0x80c96f58 - 0x80d478b4   ( 707 kB)
Jun  7 20:22:31 dreampi kernel: [    0.000000] SLUB: HWalign=64, Order=0-3, MinObjects=0, CPUs=4, Nodes=1
Jun  7 20:22:31 dreampi kernel: [    0.000000] ftrace: allocating 25228 entries in 74 pages
Jun  7 20:22:31 dreampi kernel: [    0.000000] Hierarchical RCU implementation.
Jun  7 20:22:31 dreampi kernel: [    0.000000] NR_IRQS: 16, nr_irqs: 16, preallocated irqs: 16
Jun  7 20:22:31 dreampi kernel: [    0.000000] arch_timer: cp15 timer(s) running at 19.20MHz (phys).
Jun  7 20:22:31 dreampi kernel: [    0.000000] clocksource: arch_sys_counter: mask: 0xffffffffffffff max_cycles: 0x46d987e47, max_idle_ns: 440795202767 ns
Jun  7 20:22:31 dreampi kernel: [    0.000007] sched_clock: 56 bits at 19MHz, resolution 52ns, wraps every 4398046511078ns
Jun  7 20:22:31 dreampi kernel: [    0.000023] Switching to timer-based delay loop, resolution 52ns
Jun  7 20:22:31 dreampi kernel: [    0.000272] Console: colour dummy device 80x30
Jun  7 20:22:31 dreampi kernel: [    0.000816] console [tty1] enabled
Jun  7 20:22:31 dreampi kernel: [    0.000854] Calibrating delay loop (skipped), value calculated using timer frequency.. 38.40 BogoMIPS (lpj=192000)
Jun  7 20:22:31 dreampi kernel: [    0.000894] pid_max: default: 32768 minimum: 301
Jun  7 20:22:31 dreampi kernel: [    0.001220] Mount-cache hash table entries: 2048 (order: 1, 8192 bytes)
Jun  7 20:22:31 dreampi kernel: [    0.001253] Mountpoint-cache hash table entries: 2048 (order: 1, 8192 bytes)
Jun  7 20:22:31 dreampi kernel: [    0.002202] Disabling memory control group subsystem
Jun  7 20:22:31 dreampi kernel: [    0.002299] CPU: Testing write buffer coherency: ok
Jun  7 20:22:31 dreampi kernel: [    0.002713] CPU0: thread -1, cpu 0, socket 0, mpidr 80000000
Jun  7 20:22:31 dreampi kernel: [    0.003108] Setting up static identity map for 0x100000 - 0x10003c
Jun  7 20:22:31 dreampi kernel: [    0.003243] Hierarchical SRCU implementation.
Jun  7 20:22:31 dreampi kernel: [    0.003896] smp: Bringing up secondary CPUs ...
Jun  7 20:22:31 dreampi kernel: [    0.004652] CPU1: thread -1, cpu 1, socket 0, mpidr 80000001
Jun  7 20:22:31 dreampi kernel: [    0.005452] CPU2: thread -1, cpu 2, socket 0, mpidr 80000002
Jun  7 20:22:31 dreampi kernel: [    0.006236] CPU3: thread -1, cpu 3, socket 0, mpidr 80000003
Jun  7 20:22:31 dreampi kernel: [    0.006341] smp: Brought up 1 node, 4 CPUs
Jun  7 20:22:31 dreampi kernel: [    0.006412] SMP: Total of 4 processors activated (153.60 BogoMIPS).
Jun  7 20:22:31 dreampi kernel: [    0.006434] CPU: All CPU(s) started in HYP mode.
Jun  7 20:22:31 dreampi kernel: [    0.006452] CPU: Virtualization extensions available.
Jun  7 20:22:31 dreampi kernel: [    0.007324] devtmpfs: initialized
Jun  7 20:22:31 dreampi kernel: [    0.017648] VFP support v0.3: implementor 41 architecture 3 part 40 variant 3 rev 4
Jun  7 20:22:31 dreampi kernel: [    0.017899] clocksource: jiffies: mask: 0xffffffff max_cycles: 0xffffffff, max_idle_ns: 19112604462750000 ns
Jun  7 20:22:31 dreampi kernel: [    0.017943] futex hash table entries: 1024 (order: 4, 65536 bytes)
Jun  7 20:22:31 dreampi kernel: [    0.018516] pinctrl core: initialized pinctrl subsystem
Jun  7 20:22:31 dreampi kernel: [    0.019283] NET: Registered protocol family 16
Jun  7 20:22:31 dreampi kernel: [    0.021884] DMA: preallocated 1024 KiB pool for atomic coherent allocations
Jun  7 20:22:31 dreampi kernel: [    0.026646] hw-breakpoint: found 5 (+1 reserved) breakpoint and 4 watchpoint registers.
Jun  7 20:22:31 dreampi kernel: [    0.026678] hw-breakpoint: maximum watchpoint size is 8 bytes.
Jun  7 20:22:31 dreampi kernel: [    0.026896] Serial: AMBA PL011 UART driver
Jun  7 20:22:31 dreampi kernel: [    0.028520] bcm2835-mbox 3f00b880.mailbox: mailbox enabled
Jun  7 20:22:31 dreampi kernel: [    0.028991] uart-pl011 3f201000.serial: could not find pctldev for node /soc/gpio@7e200000/uart0_pins, deferring probe
Jun  7 20:22:31 dreampi kernel: [    0.060152] bcm2835-dma 3f007000.dma: DMA legacy API manager at bb813000, dmachans=0x1
Jun  7 20:22:31 dreampi kernel: [    0.061597] SCSI subsystem initialized
Jun  7 20:22:31 dreampi kernel: [    0.061834] usbcore: registered new interface driver usbfs
Jun  7 20:22:31 dreampi kernel: [    0.061903] usbcore: registered new interface driver hub
Jun  7 20:22:31 dreampi kernel: [    0.062003] usbcore: registered new device driver usb
Jun  7 20:22:31 dreampi kernel: [    0.070082] raspberrypi-firmware soc:firmware: Attached to firmware from 2018-03-23 16:31
Jun  7 20:22:31 dreampi kernel: [    0.071397] clocksource: Switched to clocksource arch_sys_counter
Jun  7 20:22:31 dreampi kernel: [    0.148638] VFS: Disk quotas dquot_6.6.0
Jun  7 20:22:31 dreampi kernel: [    0.148751] VFS: Dquot-cache hash table entries: 1024 (order 0, 4096 bytes)
Jun  7 20:22:31 dreampi kernel: [    0.148955] FS-Cache: Loaded
Jun  7 20:22:31 dreampi kernel: [    0.149166] CacheFiles: Loaded
Jun  7 20:22:31 dreampi kernel: [    0.158098] NET: Registered protocol family 2
Jun  7 20:22:31 dreampi kernel: [    0.158838] TCP established hash table entries: 8192 (order: 3, 32768 bytes)
Jun  7 20:22:31 dreampi kernel: [    0.158968] TCP bind hash table entries: 8192 (order: 4, 65536 bytes)
Jun  7 20:22:31 dreampi kernel: [    0.159170] TCP: Hash tables configured (established 8192 bind 8192)
Jun  7 20:22:31 dreampi kernel: [    0.159316] UDP hash table entries: 512 (order: 2, 16384 bytes)
Jun  7 20:22:31 dreampi kernel: [    0.159377] UDP-Lite hash table entries: 512 (order: 2, 16384 bytes)
Jun  7 20:22:31 dreampi kernel: [    0.159622] NET: Registered protocol family 1
Jun  7 20:22:31 dreampi kernel: [    0.160090] RPC: Registered named UNIX socket transport module.
Jun  7 20:22:31 dreampi kernel: [    0.160114] RPC: Registered udp transport module.
Jun  7 20:22:31 dreampi kernel: [    0.160133] RPC: Registered tcp transport module.
Jun  7 20:22:31 dreampi kernel: [    0.160152] RPC: Registered tcp NFSv4.1 backchannel transport module.
Jun  7 20:22:31 dreampi kernel: [    0.161629] hw perfevents: enabled with armv7_cortex_a7 PMU driver, 7 counters available
Jun  7 20:22:31 dreampi kernel: [    0.164359] workingset: timestamp_bits=14 max_order=18 bucket_order=4
Jun  7 20:22:31 dreampi kernel: [    0.172313] FS-Cache: Netfs 'nfs' registered for caching
Jun  7 20:22:31 dreampi kernel: [    0.172922] NFS: Registering the id_resolver key type
Jun  7 20:22:31 dreampi kernel: [    0.172965] Key type id_resolver registered
Jun  7 20:22:31 dreampi mtp-probe: checking bus 1, device 3: "/sys/devices/platform/soc/3f980000.usb/usb1/1-1/1-1.1"
Jun  7 20:22:31 dreampi mtp-probe: bus: 1, device: 3 was not an MTP device
Jun  7 20:22:31 dreampi mtp-probe: checking bus 1, device 4: "/sys/devices/platform/soc/3f980000.usb/usb1/1-1/1-1.2"
Jun  7 20:22:31 dreampi mtp-probe: bus: 1, device: 4 was not an MTP device
Jun  7 20:22:31 dreampi kernel: [    0.172985] Key type id_legacy registered
Jun  7 20:22:31 dreampi kernel: [    0.173013] nfs4filelayout_init: NFSv4 File Layout Driver Registering...
Jun  7 20:22:31 dreampi kernel: [    0.174903] Block layer SCSI generic (bsg) driver version 0.4 loaded (major 251)
Jun  7 20:22:31 dreampi kernel: [    0.175050] io scheduler noop registered
Jun  7 20:22:31 dreampi kernel: [    0.175072] io scheduler deadline registered (default)
Jun  7 20:22:31 dreampi kernel: [    0.175362] io scheduler cfq registered
Jun  7 20:22:31 dreampi kernel: [    0.175384] io scheduler mq-deadline registered
Jun  7 20:22:31 dreampi kernel: [    0.175404] io scheduler kyber registered
Jun  7 20:22:31 dreampi kernel: [    0.178099] BCM2708FB: allocated DMA memory fad10000
Jun  7 20:22:31 dreampi kernel: [    0.178144] BCM2708FB: allocated DMA channel 0 @ bb813000
Jun  7 20:22:31 dreampi kernel: [    0.187569] Console: switching to colour frame buffer device 80x30
Jun  7 20:22:31 dreampi kernel: [    0.196784] bcm2835-rng 3f104000.rng: hwrng registered
Jun  7 20:22:31 dreampi kernel: [    0.199517] vc-mem: phys_addr:0x00000000 mem_base=0x3ec00000 mem_size:0x40000000(1024 MiB)
Jun  7 20:22:31 dreampi kernel: [    0.205272] vc-sm: Videocore shared memory driver
Jun  7 20:22:31 dreampi liblogging-stdlog:  [origin software="rsyslogd" swVersion="8.24.0" x-pid="329" x-info="http://www.rsyslog.com"] start
Jun  7 20:22:31 dreampi kernel: [    0.208249] gpiomem-bcm2835 3f200000.gpiomem: Initialised: Registers at 0x3f200000
Jun  7 20:22:31 dreampi kernel: [    0.223536] brd: module loaded
Jun  7 20:22:31 dreampi kernel: [    0.235000] loop: module loaded
Jun  7 20:22:31 dreampi kernel: [    0.237742] Loading iSCSI transport class v2.0-870.
Jun  7 20:22:31 dreampi kernel: [    0.241043] libphy: Fixed MDIO Bus: probed
Jun  7 20:22:31 dreampi kernel: [    0.243795] usbcore: registered new interface driver lan78xx
Jun  7 20:22:31 dreampi kernel: [    0.246528] usbcore: registered new interface driver smsc95xx
Jun  7 20:22:31 dreampi kernel: [    0.249159] dwc_otg: version 3.00a 10-AUG-2012 (platform bus)
Jun  7 20:22:31 dreampi kernel: [    0.479955] Core Release: 2.80a
Jun  7 20:22:31 dreampi kernel: [    0.482598] Setting default values for core params
Jun  7 20:22:31 dreampi kernel: [    0.485215] Finished setting default values for core params
Jun  7 20:22:31 dreampi kernel: [    0.688013] Using Buffer DMA mode
